******************************************************************************
                  TI ARM Linker PC v20.2.6                     
******************************************************************************
>> Linked Wed May  3 19:21:58 2023

OUTPUT FILE NAME:   <final_project.out>
ENTRY POINT SYMBOL: "_c_int00_noargs"  address: 000067d9


MEMORY CONFIGURATION

         name            origin    length      used     unused   attr    fill
----------------------  --------  ---------  --------  --------  ----  --------
  FLASH                 00000000   00040000  00006d2c  000392d4  R  X
  SRAM                  20000000   00008000  00002370  00005c90  RW X


SEGMENT ALLOCATION MAP

run origin  load origin   length   init length attrs members
----------  ----------- ---------- ----------- ----- -------
00000000    00000000    00006d30   00006d30    r-x
  00000000    00000000    0000026c   0000026c    r-- .intvecs
  0000026c    0000026c    000067d0   000067d0    r-x .text
  00006a40    00006a40    00000270   00000270    r-- .const
  00006cb0    00006cb0    00000080   00000080    r-- .cinit
20000000    20000000    00002374   00000000    rw-
  20000000    20000000    0000026c   00000000    rw- .vtable
  20000270    20000270    00001000   00000000    rw- .stack
  20001270    20001270    00001000   00000000    rw- .sysmem
  20002270    20002270    00000084   00000000    rw- .data
  200022f4    200022f4    00000080   00000000    rw- .bss


SECTION ALLOCATION MAP

 output                                  attributes/
section   page    origin      length       input sections
--------  ----  ----------  ----------   ----------------
.intvecs   0    00000000    0000026c     
                  00000000    0000026c     tm4c123gh6pm_startup_ccs.obj (.intvecs)

.text      0    0000026c    000067d0     
                  0000026c    00000d5c     movement.obj (.text)
                  00000fc8    00000c20     open_interface.obj (.text)
                  00001be8    00000a4e     rtsv7M4_T_le_v4SPD16_eabi.lib : _printfi.c.obj (.text:__TI_printfi)
                  00002636    00000002                                   : _lock.c.obj (.text:_nop)
                  00002638    00000738                                   : k_rem_pio2.c.obj (.text:__kernel_rem_pio2)
                  00002d70    000005e0                                   : s_sin.c.obj (.text:sin)
                  00003350    000005dc                                   : s_cos.c.obj (.text:cos)
                  0000392c    000003a4     ir.obj (.text)
                  00003cd0    00000328     lcd.obj (.text)
                  00003ff8    00000310     main.obj (.text)
                  00004308    000002cc     ping.obj (.text)
                  000045d4    000002b4     servo.obj (.text)
                  00004888    00000270     rtsv7M4_T_le_v4SPD16_eabi.lib : _printfi.c.obj (.text:_pconv_a)
                  00004af8    00000270     uart-interrupt.obj (.text)
                  00004d68    00000248     Timer.obj (.text)
                  00004fb0    000001d0     rtsv7M4_T_le_v4SPD16_eabi.lib : _printfi.c.obj (.text:_pconv_g)
                  00005180    000001b6                                   : fd_add_t2.asm.obj (.text)
                  00005336    00000002                                   : div0.asm.obj (.text)
                  00005338    00000174                                   : k_sin.c.obj (.text:__kernel_sin)
                  000054ac    00000170                                   : k_cos.c.obj (.text:__kernel_cos)
                  0000561c    0000013c                                   : _printfi.c.obj (.text:_pconv_e)
                  00005758    00000136                                   : fd_div_t2.asm.obj (.text)
                  0000588e    00000002     --HOLE-- [fill = 0]
                  00005890    00000124                                   : _printfi.c.obj (.text:fcvt)
                  000059b4    00000110                                   : s_scalbn.c.obj (.text:scalbn)
                  00005ac4    00000100                                   : memory.c.obj (.text:aligned_alloc)
                  00005bc4    000000fc                                   : fd_mul_t2.asm.obj (.text)
                  00005cc0    000000f8                                   : s_floor.c.obj (.text:floor)
                  00005db8    000000e4                                   : memory.c.obj (.text:free)
                  00005e9c    000000b1                                   : _printfi.c.obj (.text:_ltostr)
                  00005f4d    00000001     --HOLE-- [fill = 0]
                  00005f4e    0000009c                                   : memcpy_t2.asm.obj (.text)
                  00005fea    00000096                                   : ull_div_t2.asm.obj (.text)
                  00006080    00000086                                   : fd_cmp_t2.asm.obj (.text:__aeabi_cdcmple)
                  00006106    00000086                                   : fd_cmp_t2.asm.obj (.text:__aeabi_cdrcmple)
                  0000618c    00000080     button.obj (.text)
                  0000620c    0000007a     rtsv7M4_T_le_v4SPD16_eabi.lib : memset_t2.asm.obj (.text)
                  00006286    00000002     --HOLE-- [fill = 0]
                  00006288    00000070                                   : memory.c.obj (.text:split)
                  000062f8    0000006e                                   : _printfi.c.obj (.text:_mcpy)
                  00006366    0000006e                                   : fd_tos_t2.asm.obj (.text)
                  000063d4    00000068                                   : copy_decompress_lzss.c.obj (.text:decompress:lzss:__TI_decompress_lzss)
                  0000643c    00000064                                   : s_frexp.c.obj (.text:frexp)
                  000064a0    00000056                                   : _printfi.c.obj (.text:_pconv_f)
                  000064f6    00000054                                   : _ltoa.c.obj (.text:__TI_ltoa)
                  0000654a    00000052                                   : _printfi.c.obj (.text:_ecpy)
                  0000659c    0000004c                                   : atoi.c.obj (.text:atoi)
                  000065e8    00000048                                   : fd_toi_t2.asm.obj (.text)
                  00006630    00000044                                   : autoinit.c.obj (.text:__TI_auto_init_nobinit_nopinit:__TI_auto_init_nobinit_nopinit)
                  00006674    00000040                                   : sprintf.c.obj (.text:sprintf)
                  000066b4    00000040                                   : vsnprintf.c.obj (.text:vsnprintf)
                  000066f4    0000003e                                   : _printfi.c.obj (.text:_fcpy)
                  00006732    00000002     --HOLE-- [fill = 0]
                  00006734    00000038                                   : memory.c.obj (.text:calloc)
                  0000676c    00000038                                   : fs_tod_t2.asm.obj (.text)
                  000067a4    00000034     driverlib.lib : interrupt.obj (.text:IntRegister)
                  000067d8    00000034     rtsv7M4_T_le_v4SPD16_eabi.lib : boot_cortex_m.c.obj (.text:_c_int00_noargs:_c_int00_noargs)
                  0000680c    00000030                                   : vsnprintf.c.obj (.text:_outs)
                  0000683c    0000002e                                   : i_tofd_t2.asm.obj (.text)
                  0000686a    00000002     --HOLE-- [fill = 0]
                  0000686c    00000028                                   : memory.c.obj (.text:free_list_insert)
                  00006894    00000020                                   : u_tofd_t2.asm.obj (.text)
                  000068b4    0000001c                                   : copy_zero_init.c.obj (.text:decompress:ZI:__TI_zero_init_nomemset:__TI_zero_init_nomemset)
                  000068d0    0000001c                                   : memory.c.obj (.text:free_list_remove)
                  000068ec    0000001c                                   : memccpy.c.obj (.text:memccpy)
                  00006908    0000001a                                   : s_copysign.c.obj (.text:copysign)
                  00006922    00000018                                   : vsnprintf.c.obj (.text:_outc)
                  0000693a    00000018                                   : sprintf.c.obj (.text:_outs)
                  00006952    00000018     open_interface.obj (.text:oi_parseInt)
                  0000696a    00000018     rtsv7M4_T_le_v4SPD16_eabi.lib : strcmp.c.obj (.text:strcmp)
                  00006982    00000016                                   : strchr.c.obj (.text:strchr)
                  00006998    00000014                                   : strcpy.c.obj (.text:strcpy)
                  000069ac    00000014                                   : strlen.c.obj (.text:strlen)
                  000069c0    00000012                                   : wcslen.c.obj (.text:wcslen)
                  000069d2    00000010     driverlib.lib : interrupt.obj (.text:IntMasterEnable)
                  000069e2    00000010     lcd.obj (.text:lcd_clear)
                  000069f2    0000000e     rtsv7M4_T_le_v4SPD16_eabi.lib : copy_decompress_none.c.obj (.text:decompress:none:__TI_decompress_none)
                  00006a00    0000000c     driverlib.lib : cpu.obj (.text:CPUcpsie)
                  00006a0c    0000000c     tm4c123gh6pm_startup_ccs.obj (.text)
                  00006a18    0000000a     rtsv7M4_T_le_v4SPD16_eabi.lib : sprintf.c.obj (.text:_outc)
                  00006a22    00000002     --HOLE-- [fill = 0]
                  00006a24    00000008                                   : errno.c.obj (.text:__aeabi_errno_addr)
                  00006a2c    00000008                                   : memory.c.obj (.text:malloc)
                  00006a34    00000004                                   : pre_init.c.obj (.text:_system_pre_init)
                  00006a38    00000004                                   : exit.c.obj (.text:abort:abort)

.const     0    00006a40    00000270     
                  00006a40    00000158     rtsv7M4_T_le_v4SPD16_eabi.lib : k_rem_pio2.c.obj (.const:$O1$$)
                  00006b98    00000101                                   : ctype.c.obj (.const:.string:_ctypes_)
                  00006c99    0000000f     open_interface.obj (.const:.string:$P$T0$3)
                  00006ca8    00000004     lcd.obj (.const:.string:lineAddress$1)
                  00006cac    00000004     lcd.obj (.const:.string:lineAddresses$2)

.cinit     0    00006cb0    00000080     
                  00006cb0    00000046     (.cinit..data.load) [load image, compression = lzss]
                  00006cf6    00000002     --HOLE-- [fill = 0]
                  00006cf8    0000000c     (__TI_handler_table)
                  00006d04    00000004     --HOLE-- [fill = 0]
                  00006d08    00000008     (.cinit..bss.load) [load image, compression = zero_init]
                  00006d10    00000008     (.cinit..vtable.load) [load image, compression = zero_init]
                  00006d18    00000018     (__TI_cinit_table)

.init_array 
*          0    00000000    00000000     UNINITIALIZED

.vtable    0    20000000    0000026c     UNINITIALIZED
                  20000000    0000026c     driverlib.lib : interrupt.obj (.vtable)

.stack     0    20000270    00001000     UNINITIALIZED
                  20000270    00000004     rtsv7M4_T_le_v4SPD16_eabi.lib : boot_cortex_m.c.obj (.stack)
                  20000274    00000ffc     --HOLE--

.sysmem    0    20001270    00001000     UNINITIALIZED
                  20001270    00000010     rtsv7M4_T_le_v4SPD16_eabi.lib : memory.c.obj (.sysmem)
                  20001280    00000ff0     --HOLE--

.data      0    20002270    00000084     UNINITIALIZED
                  20002270    00000020     open_interface.obj (.data)
                  20002290    00000020     uart-interrupt.obj (.data)
                  200022b0    00000010     servo.obj (.data)
                  200022c0    0000000c     ir.obj (.data)
                  200022cc    00000009     ping.obj (.data)
                  200022d5    00000001     Timer.obj (.data)
                  200022d6    00000001     button.obj (.data)
                  200022d7    00000001     --HOLE--
                  200022d8    00000008     rtsv7M4_T_le_v4SPD16_eabi.lib : _lock.c.obj (.data:$O1$$)
                  200022e0    00000008                                   : memory.c.obj (.data:$O1$$)
                  200022e8    00000008     movement.obj (.data)
                  200022f0    00000004     rtsv7M4_T_le_v4SPD16_eabi.lib : errno.c.obj (.data)

.bss       0    200022f4    00000080     UNINITIALIZED
                  200022f4    00000054     lcd.obj (.bss:lastbuffer$3)
                  20002348    00000018     open_interface.obj (.bss:firmware$2)
                  20002360    00000004     (.common:_timeout_ticks)
                  20002364    00000004     (.common:intercept)
                  20002368    00000004     (.common:irSlope)
                  2000236c    00000004     (.common:xOffsetCm)
                  20002370    00000004     (.common:yOffsetCm)

__llvm_prf_cnts 
*          0    20000000    00000000     UNINITIALIZED

MODULE SUMMARY

       Module                         code    ro data   rw data
       ------                         ----    -------   -------
    .\
       movement.obj                   3420    0         16     
       open_interface.obj             3128    15        56     
       ir.obj                         932     0         20     
       lcd.obj                        824     8         84     
       main.obj                       784     0         0      
       ping.obj                       716     0         9      
       servo.obj                      692     0         16     
       uart-interrupt.obj             624     0         32     
       tm4c123gh6pm_startup_ccs.obj   12      620       0      
       Timer.obj                      584     0         5      
       button.obj                     128     0         1      
    +--+------------------------------+-------+---------+---------+
       Total:                         11844   643       239    
                                                               
    C:/ti/TivaWare_C_Series-2.2.0.295/driverlib/ccs/Debug/driverlib.lib
       interrupt.obj                  68      0         620    
       cpu.obj                        12      0         0      
    +--+------------------------------+-------+---------+---------+
       Total:                         80      0         620    
                                                               
    C:\ti\ccs1200\ccs\tools\compiler\ti-cgt-arm_20.2.6.LTS\lib\rtsv7M4_T_le_v4SPD16_eabi.lib
       _printfi.c.obj                 4851    0         0      
       k_rem_pio2.c.obj               1848    344       0      
       s_sin.c.obj                    1504    0         0      
       s_cos.c.obj                    1500    0         0      
       memory.c.obj                   728     0         8      
       fd_add_t2.asm.obj              438     0         0      
       k_sin.c.obj                    372     0         0      
       k_cos.c.obj                    368     0         0      
       fd_div_t2.asm.obj              310     0         0      
       s_scalbn.c.obj                 272     0         0      
       fd_cmp_t2.asm.obj              268     0         0      
       ctype.c.obj                    0       257       0      
       fd_mul_t2.asm.obj              252     0         0      
       s_floor.c.obj                  248     0         0      
       memcpy_t2.asm.obj              156     0         0      
       ull_div_t2.asm.obj             150     0         0      
       vsnprintf.c.obj                136     0         0      
       memset_t2.asm.obj              122     0         0      
       fd_tos_t2.asm.obj              110     0         0      
       copy_decompress_lzss.c.obj     104     0         0      
       s_frexp.c.obj                  100     0         0      
       sprintf.c.obj                  98      0         0      
       _ltoa.c.obj                    84      0         0      
       atoi.c.obj                     76      0         0      
       fd_toi_t2.asm.obj              72      0         0      
       autoinit.c.obj                 68      0         0      
       fs_tod_t2.asm.obj              56      0         0      
       boot_cortex_m.c.obj            52      0         0      
       i_tofd_t2.asm.obj              46      0         0      
       u_tofd_t2.asm.obj              32      0         0      
       copy_zero_init.c.obj           28      0         0      
       memccpy.c.obj                  28      0         0      
       s_copysign.c.obj               26      0         0      
       strcmp.c.obj                   24      0         0      
       strchr.c.obj                   22      0         0      
       strcpy.c.obj                   20      0         0      
       strlen.c.obj                   20      0         0      
       wcslen.c.obj                   18      0         0      
       copy_decompress_none.c.obj     14      0         0      
       errno.c.obj                    8       0         4      
       _lock.c.obj                    2       0         8      
       exit.c.obj                     4       0         0      
       pre_init.c.obj                 4       0         0      
       div0.asm.obj                   2       0         0      
    +--+------------------------------+-------+---------+---------+
       Total:                         14641   601       20     
                                                               
       Heap:                          0       0         4096   
       Stack:                         0       0         4096   
       Linker Generated:              0       122       0      
    +--+------------------------------+-------+---------+---------+
       Grand Total:                   26565   1366      9071   


LINKER GENERATED COPY TABLES

__TI_cinit_table @ 00006d18 records: 3, size/record: 8, table size: 24
	.data: load addr=00006cb0, load size=00000046 bytes, run addr=20002270, run size=00000084 bytes, compression=lzss
	.bss: load addr=00006d08, load size=00000008 bytes, run addr=200022f4, run size=00000080 bytes, compression=zero_init
	.vtable: load addr=00006d10, load size=00000008 bytes, run addr=20000000, run size=0000026c bytes, compression=zero_init


LINKER GENERATED HANDLER TABLE

__TI_handler_table @ 00006cf8 records: 3, size/record: 4, table size: 12
	index: 0, handler: __TI_zero_init
	index: 1, handler: __TI_decompress_lzss
	index: 2, handler: __TI_decompress_none


GLOBAL SYMBOLS: SORTED ALPHABETICALLY BY Name 

address   name                          
-------   ----                          
00006a39  C$$EXIT                       
00006a01  CPUcpsie                      
200022d0  END_TIME                      
0000191f  GPIOF_Handler                 
000069d3  IntMasterEnable               
000067a5  IntRegister                   
200022d4  PING_STATE                    
00006a0d  ResetISR                      
200022b0  SERVO_STATE                   
200022cc  START_TIME                    
00004449  TIMER3B_Handler               
00004c4b  UART1_Handler                 
20001270  __STACK_END                   
00001000  __STACK_SIZE                  
20000470  __STACK_TOP                   
00001000  __SYSMEM_SIZE                 
00006d18  __TI_CINIT_Base               
00006d30  __TI_CINIT_Limit              
00006cf8  __TI_Handler_Table_Base       
00006d04  __TI_Handler_Table_Limit      
00006631  __TI_auto_init_nobinit_nopinit
000063d5  __TI_decompress_lzss          
000069f3  __TI_decompress_none          
000064f7  __TI_ltoa                     
ffffffff  __TI_pprof_out_hndl           
00001be9  __TI_printfi                  
ffffffff  __TI_prof_data_size           
ffffffff  __TI_prof_data_start          
00000000  __TI_static_base__            
000068b5  __TI_zero_init_nomemset       
00006081  __aeabi_cdcmpeq               
00006081  __aeabi_cdcmple               
00006107  __aeabi_cdrcmple              
00006367  __aeabi_d2f                   
000065e9  __aeabi_d2iz                  
0000518b  __aeabi_dadd                  
00005759  __aeabi_ddiv                  
00005bc5  __aeabi_dmul                  
00005181  __aeabi_dsub                  
00006a25  __aeabi_errno_addr            
0000676d  __aeabi_f2d                   
0000683d  __aeabi_i2d                   
00005337  __aeabi_idiv0                 
00005337  __aeabi_ldiv0                 
0000620d  __aeabi_memclr                
0000620d  __aeabi_memclr4               
0000620d  __aeabi_memclr8               
00005f4f  __aeabi_memcpy                
00005f4f  __aeabi_memcpy4               
00005f4f  __aeabi_memcpy8               
0000620f  __aeabi_memset                
0000620f  __aeabi_memset4               
0000620f  __aeabi_memset8               
00006895  __aeabi_ui2d                  
00005feb  __aeabi_uldivmod              
ffffffff  __binit__                     
ffffffff  __c_args__                    
000054ad  __kernel_cos                  
00002639  __kernel_rem_pio2             
00005339  __kernel_sin                  
UNDEFED   __mpu_init                    
20000270  __stack                       
20000000  __start___llvm_prf_cnts       
20000000  __stop___llvm_prf_cnts        
000067d9  _c_int00_noargs               
00006b98  _ctypes_                      
200022d8  _lock                         
00002637  _nop                          
200022d5  _running                      
20001270  _sys_memory                   
UNDEFED   _system_post_cinit            
00006a35  _system_pre_init              
20002360  _timeout_ticks                
200022dc  _unlock                       
00006a39  abort                         
00005ac5  aligned_alloc                 
200022e8  angleOffset                   
0000659d  atoi                          
ffffffff  binit                         
000061c1  button_getButton              
0000618d  button_init                   
20002291  calibrate_command_byte        
2000229c  calibrating                   
00006735  calloc                        
00000f8d  cliff_calibrate               
00006909  copysign                      
00006909  copysignl                     
00003351  cos                           
00003351  cosl                          
200022f0  errno                         
200022c4  firstRawIrValue               
00005cc1  floor                         
00005cc1  floorl                        
00005db9  free                          
0000643d  frexp                         
0000643d  frexpl                        
20000000  g_pfnRAMVectors               
00000000  g_pfnVectors                  
000016db  go_charge                     
200022c0  initialized                   
20002364  intercept                     
20002368  irSlope                       
00003b11  ir_calibrate                  
0000392d  ir_init                       
00003ab9  ir_scan_cm                    
00003a43  ir_scan_raw                   
000069e3  lcd_clear                     
00003ea5  lcd_gotoLine                  
00003d0d  lcd_init                      
00003f0b  lcd_printf                    
00003dcd  lcd_putc                      
00003e05  lcd_puts                      
00003cd1  lcd_reverseNibble             
00003e23  lcd_sendCommand               
00003e61  lcd_sendNibble                
00003ecd  lcd_setCursorPos              
000059b5  ldexp                         
000059b5  ldexpl                        
00003ff9  main                          
00006a2d  malloc                        
200022b8  matchLeft                     
200022b4  matchRight                    
00005ac5  memalign                      
000068ed  memccpy                       
00005f4f  memcpy                        
00006215  memset                        
20002270  motor_cal_factor_L            
20002274  motor_cal_factor_R            
200022a4  move_b                        
00000a41  move_backward                 
20002293  move_backward_command_byte    
200022a0  move_f                        
0000026d  move_forward                  
20002292  move_forward_command_byte     
200022ec  moving                        
00000fc9  oi_alloc                      
00001805  oi_checkFirmware              
00001023  oi_close                      
00000fd5  oi_free                       
00001b49  oi_getMotorCalibrationLeft    
00001b5d  oi_getMotorCalibrationRight   
0000100d  oi_init                       
00000fe5  oi_init_noupdate              
00001671  oi_loadSong                   
00006953  oi_parseInt                   
00001087  oi_parsePacket                
000016c7  oi_play_song                  
000015a7  oi_setLeds                    
00001b0d  oi_setMotorCalibration        
000015eb  oi_setWheels                  
000018ad  oi_shutoff_init               
000016e9  oi_uartInit                   
0000178d  oi_uartReceive                
000017d3  oi_uartSendBuff               
00001771  oi_uartSendChar               
000017b5  oi_uartSendStr                
00001035  oi_update                     
00004481  ping_getDistance              
00004309  ping_init                     
000043d5  ping_trigger                  
000059b5  scalbn                        
000059b5  scalbnl                       
20002290  scan_command_byte             
20002298  scan_enabled                  
200022c8  secondRawIrValue              
200022bc  servoSlope                    
0000470d  servo_calibrate               
000045d5  servo_init                    
000046af  servo_move                    
00002d71  sin                           
00002d71  sinl                          
00006675  sprintf                       
00006983  strchr                        
0000696b  strcmp                        
00006999  strcpy                        
000069ad  strlen                        
00004e87  timer_getMicros               
00004e2f  timer_getMillis               
00004d69  timer_init                    
00004e0b  timer_pause                   
00004e1d  timer_resume                  
00004de1  timer_stop                    
00004ee1  timer_waitMicros              
00004f13  timer_waitMillis              
200022a8  turn_l                        
00000e7d  turn_left                     
20002294  turn_left_command_byte        
200022ac  turn_r                        
00000d59  turn_right                    
20002295  turn_right_command_byte       
00004c21  uart_graph                    
00004af9  uart_interrupt_init           
00004bf7  uart_print                    
00004be3  uart_receive                  
00004bc7  uart_sendChar                 
000066b5  vsnprintf                     
000069c1  wcslen                        
2000236c  xOffsetCm                     
20002370  yOffsetCm                     


GLOBAL SYMBOLS: SORTED BY Symbol Address 

address   name                          
-------   ----                          
00000000  __TI_static_base__            
00000000  g_pfnVectors                  
0000026d  move_forward                  
00000a41  move_backward                 
00000d59  turn_right                    
00000e7d  turn_left                     
00000f8d  cliff_calibrate               
00000fc9  oi_alloc                      
00000fd5  oi_free                       
00000fe5  oi_init_noupdate              
00001000  __STACK_SIZE                  
00001000  __SYSMEM_SIZE                 
0000100d  oi_init                       
00001023  oi_close                      
00001035  oi_update                     
00001087  oi_parsePacket                
000015a7  oi_setLeds                    
000015eb  oi_setWheels                  
00001671  oi_loadSong                   
000016c7  oi_play_song                  
000016db  go_charge                     
000016e9  oi_uartInit                   
00001771  oi_uartSendChar               
0000178d  oi_uartReceive                
000017b5  oi_uartSendStr                
000017d3  oi_uartSendBuff               
00001805  oi_checkFirmware              
000018ad  oi_shutoff_init               
0000191f  GPIOF_Handler                 
00001b0d  oi_setMotorCalibration        
00001b49  oi_getMotorCalibrationLeft    
00001b5d  oi_getMotorCalibrationRight   
00001be9  __TI_printfi                  
00002637  _nop                          
00002639  __kernel_rem_pio2             
00002d71  sin                           
00002d71  sinl                          
00003351  cos                           
00003351  cosl                          
0000392d  ir_init                       
00003a43  ir_scan_raw                   
00003ab9  ir_scan_cm                    
00003b11  ir_calibrate                  
00003cd1  lcd_reverseNibble             
00003d0d  lcd_init                      
00003dcd  lcd_putc                      
00003e05  lcd_puts                      
00003e23  lcd_sendCommand               
00003e61  lcd_sendNibble                
00003ea5  lcd_gotoLine                  
00003ecd  lcd_setCursorPos              
00003f0b  lcd_printf                    
00003ff9  main                          
00004309  ping_init                     
000043d5  ping_trigger                  
00004449  TIMER3B_Handler               
00004481  ping_getDistance              
000045d5  servo_init                    
000046af  servo_move                    
0000470d  servo_calibrate               
00004af9  uart_interrupt_init           
00004bc7  uart_sendChar                 
00004be3  uart_receive                  
00004bf7  uart_print                    
00004c21  uart_graph                    
00004c4b  UART1_Handler                 
00004d69  timer_init                    
00004de1  timer_stop                    
00004e0b  timer_pause                   
00004e1d  timer_resume                  
00004e2f  timer_getMillis               
00004e87  timer_getMicros               
00004ee1  timer_waitMicros              
00004f13  timer_waitMillis              
00005181  __aeabi_dsub                  
0000518b  __aeabi_dadd                  
00005337  __aeabi_idiv0                 
00005337  __aeabi_ldiv0                 
00005339  __kernel_sin                  
000054ad  __kernel_cos                  
00005759  __aeabi_ddiv                  
000059b5  ldexp                         
000059b5  ldexpl                        
000059b5  scalbn                        
000059b5  scalbnl                       
00005ac5  aligned_alloc                 
00005ac5  memalign                      
00005bc5  __aeabi_dmul                  
00005cc1  floor                         
00005cc1  floorl                        
00005db9  free                          
00005f4f  __aeabi_memcpy                
00005f4f  __aeabi_memcpy4               
00005f4f  __aeabi_memcpy8               
00005f4f  memcpy                        
00005feb  __aeabi_uldivmod              
00006081  __aeabi_cdcmpeq               
00006081  __aeabi_cdcmple               
00006107  __aeabi_cdrcmple              
0000618d  button_init                   
000061c1  button_getButton              
0000620d  __aeabi_memclr                
0000620d  __aeabi_memclr4               
0000620d  __aeabi_memclr8               
0000620f  __aeabi_memset                
0000620f  __aeabi_memset4               
0000620f  __aeabi_memset8               
00006215  memset                        
00006367  __aeabi_d2f                   
000063d5  __TI_decompress_lzss          
0000643d  frexp                         
0000643d  frexpl                        
000064f7  __TI_ltoa                     
0000659d  atoi                          
000065e9  __aeabi_d2iz                  
00006631  __TI_auto_init_nobinit_nopinit
00006675  sprintf                       
000066b5  vsnprintf                     
00006735  calloc                        
0000676d  __aeabi_f2d                   
000067a5  IntRegister                   
000067d9  _c_int00_noargs               
0000683d  __aeabi_i2d                   
00006895  __aeabi_ui2d                  
000068b5  __TI_zero_init_nomemset       
000068ed  memccpy                       
00006909  copysign                      
00006909  copysignl                     
00006953  oi_parseInt                   
0000696b  strcmp                        
00006983  strchr                        
00006999  strcpy                        
000069ad  strlen                        
000069c1  wcslen                        
000069d3  IntMasterEnable               
000069e3  lcd_clear                     
000069f3  __TI_decompress_none          
00006a01  CPUcpsie                      
00006a0d  ResetISR                      
00006a25  __aeabi_errno_addr            
00006a2d  malloc                        
00006a35  _system_pre_init              
00006a39  C$$EXIT                       
00006a39  abort                         
00006b98  _ctypes_                      
00006cf8  __TI_Handler_Table_Base       
00006d04  __TI_Handler_Table_Limit      
00006d18  __TI_CINIT_Base               
00006d30  __TI_CINIT_Limit              
20000000  __start___llvm_prf_cnts       
20000000  __stop___llvm_prf_cnts        
20000000  g_pfnRAMVectors               
20000270  __stack                       
20000470  __STACK_TOP                   
20001270  __STACK_END                   
20001270  _sys_memory                   
20002270  motor_cal_factor_L            
20002274  motor_cal_factor_R            
20002290  scan_command_byte             
20002291  calibrate_command_byte        
20002292  move_forward_command_byte     
20002293  move_backward_command_byte    
20002294  turn_left_command_byte        
20002295  turn_right_command_byte       
20002298  scan_enabled                  
2000229c  calibrating                   
200022a0  move_f                        
200022a4  move_b                        
200022a8  turn_l                        
200022ac  turn_r                        
200022b0  SERVO_STATE                   
200022b4  matchRight                    
200022b8  matchLeft                     
200022bc  servoSlope                    
200022c0  initialized                   
200022c4  firstRawIrValue               
200022c8  secondRawIrValue              
200022cc  START_TIME                    
200022d0  END_TIME                      
200022d4  PING_STATE                    
200022d5  _running                      
200022d8  _lock                         
200022dc  _unlock                       
200022e8  angleOffset                   
200022ec  moving                        
200022f0  errno                         
20002360  _timeout_ticks                
20002364  intercept                     
20002368  irSlope                       
2000236c  xOffsetCm                     
20002370  yOffsetCm                     
ffffffff  __TI_pprof_out_hndl           
ffffffff  __TI_prof_data_size           
ffffffff  __TI_prof_data_start          
ffffffff  __binit__                     
ffffffff  __c_args__                    
ffffffff  binit                         
UNDEFED   __mpu_init                    
UNDEFED   _system_post_cinit            

[199 symbols]
