******************************************************************************
                  TI ARM Linker PC v20.2.6                     
******************************************************************************
>> Linked Mon Apr 10 17:06:51 2023

OUTPUT FILE NAME:   <Lab10.out>
ENTRY POINT SYMBOL: "_c_int00_noargs"  address: 00002c35


MEMORY CONFIGURATION

         name            origin    length      used     unused   attr    fill
----------------------  --------  ---------  --------  --------  ----  --------
  FLASH                 00000000   00040000  00002f59  0003d0a7  R  X
  SRAM                  20000000   00008000  000022d8  00005d28  RW X


SEGMENT ALLOCATION MAP

run origin  load origin   length   init length attrs members
----------  ----------- ---------- ----------- ----- -------
00000000    00000000    00002f60   00002f60    r-x
  00000000    00000000    0000026c   0000026c    r-- .intvecs
  0000026c    0000026c    00002ba4   00002ba4    r-x .text
  00002e10    00002e10    00000109   00000109    r-- .const
  00002f20    00002f20    00000040   00000040    r-- .cinit
20000000    20000000    000022dc   00000000    rw-
  20000000    20000000    0000026c   00000000    rw- .vtable
  20000270    20000270    00001000   00000000    rw- .stack
  20001270    20001270    00001000   00000000    rw- .sysmem
  20002270    20002270    0000005c   00000000    rw- .bss
  200022cc    200022cc    00000010   00000000    rw- .data


SECTION ALLOCATION MAP

 output                                  attributes/
section   page    origin      length       input sections
--------  ----  ----------  ----------   ----------------
.intvecs   0    00000000    0000026c     
                  00000000    0000026c     tm4c123gh6pm_startup_ccs.obj (.intvecs)

.text      0    0000026c    00002ba4     
                  0000026c    00000a4e     rtsv7M4_T_le_v4SPD16_eabi.lib : _printfi.c.obj (.text:__TI_printfi)
                  00000cba    00000002                                   : div0.asm.obj (.text)
                  00000cbc    000003a0     ping.obj (.text)
                  0000105c    00000328     lcd.obj (.text)
                  00001384    00000270     rtsv7M4_T_le_v4SPD16_eabi.lib : _printfi.c.obj (.text:_pconv_a)
                  000015f4    00000248     Timer.obj (.text)
                  0000183c    000001d0     rtsv7M4_T_le_v4SPD16_eabi.lib : _printfi.c.obj (.text:_pconv_g)
                  00001a0c    000001b6                                   : fd_add_t2.asm.obj (.text)
                  00001bc2    00000002     --HOLE-- [fill = 0]
                  00001bc4    0000013c                                   : _printfi.c.obj (.text:_pconv_e)
                  00001d00    0000013c     servo.obj (.text)
                  00001e3c    00000136     rtsv7M4_T_le_v4SPD16_eabi.lib : fd_div_t2.asm.obj (.text)
                  00001f72    00000002     --HOLE-- [fill = 0]
                  00001f74    00000124                                   : _printfi.c.obj (.text:fcvt)
                  00002098    00000110                                   : s_scalbn.c.obj (.text:scalbn)
                  000021a8    000000fc                                   : fd_mul_t2.asm.obj (.text)
                  000022a4    000000f8     main.obj (.text)
                  0000239c    000000b1     rtsv7M4_T_le_v4SPD16_eabi.lib : _printfi.c.obj (.text:_ltostr)
                  0000244d    00000001     --HOLE-- [fill = 0]
                  0000244e    0000009c                                   : memcpy_t2.asm.obj (.text)
                  000024ea    00000096                                   : ull_div_t2.asm.obj (.text)
                  00002580    00000086                                   : fd_cmp_t2.asm.obj (.text:__aeabi_cdcmple)
                  00002606    00000086                                   : fd_cmp_t2.asm.obj (.text:__aeabi_cdrcmple)
                  0000268c    00000080     button.obj (.text)
                  0000270c    0000007a     rtsv7M4_T_le_v4SPD16_eabi.lib : memset_t2.asm.obj (.text)
                  00002786    0000006e                                   : _printfi.c.obj (.text:_mcpy)
                  000027f4    0000006e                                   : fd_tos_t2.asm.obj (.text)
                  00002862    00000068                                   : copy_decompress_lzss.c.obj (.text:decompress:lzss:__TI_decompress_lzss)
                  000028ca    00000002     --HOLE-- [fill = 0]
                  000028cc    00000064                                   : s_frexp.c.obj (.text:frexp)
                  00002930    00000056                                   : _printfi.c.obj (.text:_pconv_f)
                  00002986    00000054                                   : _ltoa.c.obj (.text:__TI_ltoa)
                  000029da    00000052                                   : _printfi.c.obj (.text:_ecpy)
                  00002a2c    0000004c                                   : atoi.c.obj (.text:atoi)
                  00002a78    00000048                                   : fd_toi_t2.asm.obj (.text)
                  00002ac0    00000044                                   : autoinit.c.obj (.text:__TI_auto_init_nobinit_nopinit:__TI_auto_init_nobinit_nopinit)
                  00002b04    00000044                                   : fd_tou_t2.asm.obj (.text)
                  00002b48    00000040                                   : vsnprintf.c.obj (.text:vsnprintf)
                  00002b88    0000003e                                   : _printfi.c.obj (.text:_fcpy)
                  00002bc6    00000038                                   : fs_tod_t2.asm.obj (.text)
                  00002bfe    00000002     --HOLE-- [fill = 0]
                  00002c00    00000034     driverlib.lib : interrupt.obj (.text:IntRegister)
                  00002c34    00000034     rtsv7M4_T_le_v4SPD16_eabi.lib : boot_cortex_m.c.obj (.text:_c_int00_noargs:_c_int00_noargs)
                  00002c68    00000030                                   : vsnprintf.c.obj (.text:_outs)
                  00002c98    0000002e                                   : i_tofd_t2.asm.obj (.text)
                  00002cc6    00000020                                   : u_tofd_t2.asm.obj (.text)
                  00002ce6    0000001c                                   : copy_zero_init.c.obj (.text:decompress:ZI:__TI_zero_init_nomemset:__TI_zero_init_nomemset)
                  00002d02    0000001c                                   : memccpy.c.obj (.text:memccpy)
                  00002d1e    0000001a                                   : s_copysign.c.obj (.text:copysign)
                  00002d38    00000018                                   : vsnprintf.c.obj (.text:_outc)
                  00002d50    00000018                                   : strcmp.c.obj (.text:strcmp)
                  00002d68    00000016                                   : strchr.c.obj (.text:strchr)
                  00002d7e    00000014                                   : strcpy.c.obj (.text:strcpy)
                  00002d92    00000014                                   : strlen.c.obj (.text:strlen)
                  00002da6    00000012                                   : wcslen.c.obj (.text:wcslen)
                  00002db8    00000010     driverlib.lib : interrupt.obj (.text:IntMasterEnable)
                  00002dc8    00000010     lcd.obj (.text:lcd_clear)
                  00002dd8    0000000e     rtsv7M4_T_le_v4SPD16_eabi.lib : copy_decompress_none.c.obj (.text:decompress:none:__TI_decompress_none)
                  00002de6    0000000c     driverlib.lib : cpu.obj (.text:CPUcpsie)
                  00002df2    0000000c     tm4c123gh6pm_startup_ccs.obj (.text)
                  00002dfe    00000002     --HOLE-- [fill = 0]
                  00002e00    00000008     rtsv7M4_T_le_v4SPD16_eabi.lib : errno.c.obj (.text:__aeabi_errno_addr)
                  00002e08    00000004                                   : pre_init.c.obj (.text:_system_pre_init)
                  00002e0c    00000004                                   : exit.c.obj (.text:abort:abort)

.const     0    00002e10    00000109     
                  00002e10    00000101     rtsv7M4_T_le_v4SPD16_eabi.lib : ctype.c.obj (.const:.string:_ctypes_)
                  00002f11    00000004     lcd.obj (.const:.string:lineAddress$1)
                  00002f15    00000004     lcd.obj (.const:.string:lineAddresses$2)

.cinit     0    00002f20    00000040     
                  00002f20    0000000c     (__TI_handler_table)
                  00002f2c    00000004     --HOLE-- [fill = 0]
                  00002f30    00000008     (.cinit..bss.load) [load image, compression = zero_init]
                  00002f38    00000008     (.cinit..vtable.load) [load image, compression = zero_init]
                  00002f40    00000007     (.cinit..data.load) [load image, compression = lzss]
                  00002f47    00000001     --HOLE-- [fill = 0]
                  00002f48    00000018     (__TI_cinit_table)

.init_array 
*          0    00000000    00000000     UNINITIALIZED

.vtable    0    20000000    0000026c     UNINITIALIZED
                  20000000    0000026c     driverlib.lib : interrupt.obj (.vtable)

.stack     0    20000270    00001000     UNINITIALIZED
                  20000270    00000004     rtsv7M4_T_le_v4SPD16_eabi.lib : boot_cortex_m.c.obj (.stack)
                  20000274    00000ffc     --HOLE--

.sysmem    0    20001270    00001000     UNINITIALIZED
                  20001270    00000010     rtsv7M4_T_le_v4SPD16_eabi.lib : memory.c.obj (.sysmem)
                  20001280    00000ff0     --HOLE--

.bss       0    20002270    0000005c     UNINITIALIZED
                  20002270    00000054     lcd.obj (.bss:lastbuffer$3)
                  200022c4    00000004     (.common:_timeout_ticks)
                  200022c8    00000004     (.common:interrupted)

.data      0    200022cc    00000010     UNINITIALIZED
                  200022cc    00000009     ping.obj (.data)
                  200022d5    00000001     Timer.obj (.data)
                  200022d6    00000001     button.obj (.data)
                  200022d7    00000001     --HOLE--
                  200022d8    00000004     rtsv7M4_T_le_v4SPD16_eabi.lib : errno.c.obj (.data)

__llvm_prf_cnts 
*          0    20000000    00000000     UNINITIALIZED

MODULE SUMMARY

       Module                         code    ro data   rw data
       ------                         ----    -------   -------
    .\
       ping.obj                       928     0         13     
       lcd.obj                        824     8         84     
       tm4c123gh6pm_startup_ccs.obj   12      620       0      
       Timer.obj                      584     0         5      
       servo.obj                      316     0         0      
       main.obj                       248     0         0      
       button.obj                     128     0         1      
    +--+------------------------------+-------+---------+---------+
       Total:                         3040    628       103    
                                                               
    C:/ti/TivaWare_C_Series-2.2.0.295/driverlib/ccs/Debug/driverlib.lib
       interrupt.obj                  68      0         620    
       cpu.obj                        12      0         0      
    +--+------------------------------+-------+---------+---------+
       Total:                         80      0         620    
                                                               
    C:\ti\ccs1200\ccs\tools\compiler\ti-cgt-arm_20.2.6.LTS\lib\rtsv7M4_T_le_v4SPD16_eabi.lib
       _printfi.c.obj                 4851    0         0      
       fd_add_t2.asm.obj              438     0         0      
       fd_div_t2.asm.obj              310     0         0      
       s_scalbn.c.obj                 272     0         0      
       fd_cmp_t2.asm.obj              268     0         0      
       ctype.c.obj                    0       257       0      
       fd_mul_t2.asm.obj              252     0         0      
       memcpy_t2.asm.obj              156     0         0      
       ull_div_t2.asm.obj             150     0         0      
       vsnprintf.c.obj                136     0         0      
       memset_t2.asm.obj              122     0         0      
       fd_tos_t2.asm.obj              110     0         0      
       copy_decompress_lzss.c.obj     104     0         0      
       s_frexp.c.obj                  100     0         0      
       _ltoa.c.obj                    84      0         0      
       atoi.c.obj                     76      0         0      
       fd_toi_t2.asm.obj              72      0         0      
       autoinit.c.obj                 68      0         0      
       fd_tou_t2.asm.obj              68      0         0      
       fs_tod_t2.asm.obj              56      0         0      
       boot_cortex_m.c.obj            52      0         0      
       i_tofd_t2.asm.obj              46      0         0      
       u_tofd_t2.asm.obj              32      0         0      
       copy_zero_init.c.obj           28      0         0      
       memccpy.c.obj                  28      0         0      
       s_copysign.c.obj               26      0         0      
       strcmp.c.obj                   24      0         0      
       strchr.c.obj                   22      0         0      
       strcpy.c.obj                   20      0         0      
       strlen.c.obj                   20      0         0      
       wcslen.c.obj                   18      0         0      
       copy_decompress_none.c.obj     14      0         0      
       errno.c.obj                    8       0         4      
       exit.c.obj                     4       0         0      
       pre_init.c.obj                 4       0         0      
       div0.asm.obj                   2       0         0      
    +--+------------------------------+-------+---------+---------+
       Total:                         8041    257       4      
                                                               
       Heap:                          0       0         4096   
       Stack:                         0       0         4096   
       Linker Generated:              0       59        0      
    +--+------------------------------+-------+---------+---------+
       Grand Total:                   11161   944       8919   


LINKER GENERATED COPY TABLES

__TI_cinit_table @ 00002f48 records: 3, size/record: 8, table size: 24
	.bss: load addr=00002f30, load size=00000008 bytes, run addr=20002270, run size=0000005c bytes, compression=zero_init
	.vtable: load addr=00002f38, load size=00000008 bytes, run addr=20000000, run size=0000026c bytes, compression=zero_init
	.data: load addr=00002f40, load size=00000007 bytes, run addr=200022cc, run size=00000010 bytes, compression=lzss


LINKER GENERATED HANDLER TABLE

__TI_handler_table @ 00002f20 records: 3, size/record: 4, table size: 12
	index: 0, handler: __TI_zero_init
	index: 1, handler: __TI_decompress_lzss
	index: 2, handler: __TI_decompress_none


GLOBAL SYMBOLS: SORTED ALPHABETICALLY BY Name 

address   name                          
-------   ----                          
00002e0d  C$$EXIT                       
00002de7  CPUcpsie                      
200022d0  END_TIME                      
00002db9  IntMasterEnable               
00002c01  IntRegister                   
200022d4  PING_STATE                    
00002df3  ResetISR                      
200022cc  START_TIME                    
00000dfd  TIMER3B_Handler               
20001270  __STACK_END                   
00001000  __STACK_SIZE                  
20000470  __STACK_TOP                   
00001000  __SYSMEM_SIZE                 
00002f48  __TI_CINIT_Base               
00002f60  __TI_CINIT_Limit              
00002f20  __TI_Handler_Table_Base       
00002f2c  __TI_Handler_Table_Limit      
00002ac1  __TI_auto_init_nobinit_nopinit
00002863  __TI_decompress_lzss          
00002dd9  __TI_decompress_none          
00002987  __TI_ltoa                     
ffffffff  __TI_pprof_out_hndl           
0000026d  __TI_printfi                  
ffffffff  __TI_prof_data_size           
ffffffff  __TI_prof_data_start          
00000000  __TI_static_base__            
00002ce7  __TI_zero_init_nomemset       
00002581  __aeabi_cdcmpeq               
00002581  __aeabi_cdcmple               
00002607  __aeabi_cdrcmple              
000027f5  __aeabi_d2f                   
00002a79  __aeabi_d2iz                  
00002b05  __aeabi_d2uiz                 
00001a17  __aeabi_dadd                  
00001e3d  __aeabi_ddiv                  
000021a9  __aeabi_dmul                  
00001a0d  __aeabi_dsub                  
00002e01  __aeabi_errno_addr            
00002bc7  __aeabi_f2d                   
00002c99  __aeabi_i2d                   
00000cbb  __aeabi_idiv0                 
00000cbb  __aeabi_ldiv0                 
0000270d  __aeabi_memclr                
0000270d  __aeabi_memclr4               
0000270d  __aeabi_memclr8               
0000244f  __aeabi_memcpy                
0000244f  __aeabi_memcpy4               
0000244f  __aeabi_memcpy8               
0000270f  __aeabi_memset                
0000270f  __aeabi_memset4               
0000270f  __aeabi_memset8               
00002cc7  __aeabi_ui2d                  
000024eb  __aeabi_uldivmod              
ffffffff  __binit__                     
ffffffff  __c_args__                    
UNDEFED   __mpu_init                    
20000270  __stack                       
20000000  __start___llvm_prf_cnts       
20000000  __stop___llvm_prf_cnts        
00002c35  _c_int00_noargs               
00002e10  _ctypes_                      
200022d5  _running                      
20001270  _sys_memory                   
UNDEFED   _system_post_cinit            
00002e09  _system_pre_init              
200022c4  _timeout_ticks                
00002e0d  abort                         
00002a2d  atoi                          
ffffffff  binit                         
000026c1  button_getButton              
0000268d  button_init                   
00002d1f  copysign                      
00002d1f  copysignl                     
200022d8  errno                         
000028cd  frexp                         
000028cd  frexpl                        
20000000  g_pfnRAMVectors               
00000000  g_pfnVectors                  
200022c8  interrupted                   
00002dc9  lcd_clear                     
00001231  lcd_gotoLine                  
00001099  lcd_init                      
00001297  lcd_printf                    
00001159  lcd_putc                      
00001191  lcd_puts                      
0000105d  lcd_reverseNibble             
000011af  lcd_sendCommand               
000011ed  lcd_sendNibble                
00001259  lcd_setCursorPos              
00002099  ldexp                         
00002099  ldexpl                        
000022a5  main                          
00002d03  memccpy                       
0000244f  memcpy                        
00002715  memset                        
00000e35  ping_getDistance              
00000cbd  ping_init                     
00000d89  ping_trigger                  
00002099  scalbn                        
00002099  scalbnl                       
00001d01  servo_init                    
00001d9d  servo_move                    
00002d69  strchr                        
00002d51  strcmp                        
00002d7f  strcpy                        
00002d93  strlen                        
00001713  timer_getMicros               
000016bb  timer_getMillis               
000015f5  timer_init                    
00001697  timer_pause                   
000016a9  timer_resume                  
0000166d  timer_stop                    
0000176d  timer_waitMicros              
0000179f  timer_waitMillis              
00002b49  vsnprintf                     
00002da7  wcslen                        


GLOBAL SYMBOLS: SORTED BY Symbol Address 

address   name                          
-------   ----                          
00000000  __TI_static_base__            
00000000  g_pfnVectors                  
0000026d  __TI_printfi                  
00000cbb  __aeabi_idiv0                 
00000cbb  __aeabi_ldiv0                 
00000cbd  ping_init                     
00000d89  ping_trigger                  
00000dfd  TIMER3B_Handler               
00000e35  ping_getDistance              
00001000  __STACK_SIZE                  
00001000  __SYSMEM_SIZE                 
0000105d  lcd_reverseNibble             
00001099  lcd_init                      
00001159  lcd_putc                      
00001191  lcd_puts                      
000011af  lcd_sendCommand               
000011ed  lcd_sendNibble                
00001231  lcd_gotoLine                  
00001259  lcd_setCursorPos              
00001297  lcd_printf                    
000015f5  timer_init                    
0000166d  timer_stop                    
00001697  timer_pause                   
000016a9  timer_resume                  
000016bb  timer_getMillis               
00001713  timer_getMicros               
0000176d  timer_waitMicros              
0000179f  timer_waitMillis              
00001a0d  __aeabi_dsub                  
00001a17  __aeabi_dadd                  
00001d01  servo_init                    
00001d9d  servo_move                    
00001e3d  __aeabi_ddiv                  
00002099  ldexp                         
00002099  ldexpl                        
00002099  scalbn                        
00002099  scalbnl                       
000021a9  __aeabi_dmul                  
000022a5  main                          
0000244f  __aeabi_memcpy                
0000244f  __aeabi_memcpy4               
0000244f  __aeabi_memcpy8               
0000244f  memcpy                        
000024eb  __aeabi_uldivmod              
00002581  __aeabi_cdcmpeq               
00002581  __aeabi_cdcmple               
00002607  __aeabi_cdrcmple              
0000268d  button_init                   
000026c1  button_getButton              
0000270d  __aeabi_memclr                
0000270d  __aeabi_memclr4               
0000270d  __aeabi_memclr8               
0000270f  __aeabi_memset                
0000270f  __aeabi_memset4               
0000270f  __aeabi_memset8               
00002715  memset                        
000027f5  __aeabi_d2f                   
00002863  __TI_decompress_lzss          
000028cd  frexp                         
000028cd  frexpl                        
00002987  __TI_ltoa                     
00002a2d  atoi                          
00002a79  __aeabi_d2iz                  
00002ac1  __TI_auto_init_nobinit_nopinit
00002b05  __aeabi_d2uiz                 
00002b49  vsnprintf                     
00002bc7  __aeabi_f2d                   
00002c01  IntRegister                   
00002c35  _c_int00_noargs               
00002c99  __aeabi_i2d                   
00002cc7  __aeabi_ui2d                  
00002ce7  __TI_zero_init_nomemset       
00002d03  memccpy                       
00002d1f  copysign                      
00002d1f  copysignl                     
00002d51  strcmp                        
00002d69  strchr                        
00002d7f  strcpy                        
00002d93  strlen                        
00002da7  wcslen                        
00002db9  IntMasterEnable               
00002dc9  lcd_clear                     
00002dd9  __TI_decompress_none          
00002de7  CPUcpsie                      
00002df3  ResetISR                      
00002e01  __aeabi_errno_addr            
00002e09  _system_pre_init              
00002e0d  C$$EXIT                       
00002e0d  abort                         
00002e10  _ctypes_                      
00002f20  __TI_Handler_Table_Base       
00002f2c  __TI_Handler_Table_Limit      
00002f48  __TI_CINIT_Base               
00002f60  __TI_CINIT_Limit              
20000000  __start___llvm_prf_cnts       
20000000  __stop___llvm_prf_cnts        
20000000  g_pfnRAMVectors               
20000270  __stack                       
20000470  __STACK_TOP                   
20001270  __STACK_END                   
20001270  _sys_memory                   
200022c4  _timeout_ticks                
200022c8  interrupted                   
200022cc  START_TIME                    
200022d0  END_TIME                      
200022d4  PING_STATE                    
200022d5  _running                      
200022d8  errno                         
ffffffff  __TI_pprof_out_hndl           
ffffffff  __TI_prof_data_size           
ffffffff  __TI_prof_data_start          
ffffffff  __binit__                     
ffffffff  __c_args__                    
ffffffff  binit                         
UNDEFED   __mpu_init                    
UNDEFED   _system_post_cinit            

[116 symbols]
