******************************************************************************
                  TI ARM Linker PC v20.2.6                     
******************************************************************************
>> Linked Fri Feb 10 17:57:18 2023

OUTPUT FILE NAME:   <Lab3.out>
ENTRY POINT SYMBOL: "_c_int00_noargs"  address: 00005e31


MEMORY CONFIGURATION

         name            origin    length      used     unused   attr    fill
----------------------  --------  ---------  --------  --------  ----  --------
  FLASH                 00000000   00040000  00006343  00039cbd  R  X
  SRAM                  20000000   00008000  00002366  00005c9a  RW X


SEGMENT ALLOCATION MAP

run origin  load origin   length   init length attrs members
----------  ----------- ---------- ----------- ----- -------
00000000    00000000    00006348   00006348    r-x
  00000000    00000000    0000026c   0000026c    r-- .intvecs
  0000026c    0000026c    00005de4   00005de4    r-x .text
  00006050    00006050    000002a3   000002a3    r-- .const
  000062f8    000062f8    00000050   00000050    r-- .cinit
20000000    20000000    0000236d   00000000    rw-
  20000000    20000000    0000026c   00000000    rw- .vtable
  20000270    20000270    00001000   00000000    rw- .stack
  20001270    20001270    00001000   00000000    rw- .sysmem
  20002270    20002270    000000bd   00000000    rw- .bss
  20002330    20002330    0000003d   00000000    rw- .data


SECTION ALLOCATION MAP

 output                                  attributes/
section   page    origin      length       input sections
--------  ----  ----------  ----------   ----------------
.intvecs   0    00000000    0000026c     
                  00000000    0000026c     tm4c123gh6pm_startup_ccs.obj (.intvecs)

.text      0    0000026c    00005de4     
                  0000026c    00000c20     open_interface.obj (.text)
                  00000e8c    00000a4e     rtsv7M4_T_le_v4SPD16_eabi.lib : _printfi.c.obj (.text:__TI_printfi)
                  000018da    00000002                                   : _lock.c.obj (.text:_nop)
                  000018dc    000009d0                                   : e_pow.c.obj (.text:pow)
                  000022ac    00000738                                   : k_rem_pio2.c.obj (.text:__kernel_rem_pio2)
                  000029e4    000005dc                                   : s_cos.c.obj (.text:cos)
                  00002fc0    000005b8     main.obj (.text)
                  00003578    00000328     lcd.obj (.text)
                  000038a0    00000270     rtsv7M4_T_le_v4SPD16_eabi.lib : _printfi.c.obj (.text:_pconv_a)
                  00003b10    00000260     libcybotScan.lib : cyBot_Scan.obj (.text)
                  00003d70    00000248     Timer.obj (.text)
                  00003fb8    000001ec     libcybotScan.lib : ping.obj (.text)
                  000041a4    000001d0     rtsv7M4_T_le_v4SPD16_eabi.lib : _printfi.c.obj (.text:_pconv_g)
                  00004374    000001b6                                   : fd_add_t2.asm.obj (.text)
                  0000452a    00000002                                   : div0.asm.obj (.text)
                  0000452c    00000174                                   : k_sin.c.obj (.text:__kernel_sin)
                  000046a0    00000170                                   : k_cos.c.obj (.text:__kernel_cos)
                  00004810    0000015c     libcybotUART.lib : uart.obj (.text)
                  0000496c    00000158     libcybotScan.lib : servo.obj (.text)
                  00004ac4    00000158     rtsv7M4_T_le_v4SPD16_eabi.lib : e_sqrt.c.obj (.text:sqrt)
                  00004c1c    0000013c                                   : _printfi.c.obj (.text:_pconv_e)
                  00004d58    00000136                                   : fd_div_t2.asm.obj (.text)
                  00004e8e    00000002     --HOLE-- [fill = 0]
                  00004e90    00000124                                   : _printfi.c.obj (.text:fcvt)
                  00004fb4    00000118     libcybotScan.lib : ir.obj (.text)
                  000050cc    00000110     rtsv7M4_T_le_v4SPD16_eabi.lib : s_scalbn.c.obj (.text:scalbn)
                  000051dc    00000100                                   : memory.c.obj (.text:aligned_alloc)
                  000052dc    000000fc                                   : fd_mul_t2.asm.obj (.text)
                  000053d8    000000f8                                   : s_floor.c.obj (.text:floor)
                  000054d0    000000e4                                   : memory.c.obj (.text:free)
                  000055b4    000000b1                                   : _printfi.c.obj (.text:_ltostr)
                  00005665    00000001     --HOLE-- [fill = 0]
                  00005666    0000009c                                   : memcpy_t2.asm.obj (.text)
                  00005702    00000096                                   : ull_div_t2.asm.obj (.text)
                  00005798    00000086                                   : fd_cmp_t2.asm.obj (.text:__aeabi_cdcmple)
                  0000581e    00000086                                   : fd_cmp_t2.asm.obj (.text:__aeabi_cdrcmple)
                  000058a4    0000007a                                   : memset_t2.asm.obj (.text)
                  0000591e    00000002     --HOLE-- [fill = 0]
                  00005920    00000070                                   : memory.c.obj (.text:split)
                  00005990    0000006e                                   : _printfi.c.obj (.text:_mcpy)
                  000059fe    0000006e                                   : fd_tos_t2.asm.obj (.text)
                  00005a6c    00000068                                   : copy_decompress_lzss.c.obj (.text:decompress:lzss:__TI_decompress_lzss)
                  00005ad4    00000064                                   : s_frexp.c.obj (.text:frexp)
                  00005b38    00000056                                   : _printfi.c.obj (.text:_pconv_f)
                  00005b8e    00000054                                   : _ltoa.c.obj (.text:__TI_ltoa)
                  00005be2    00000052                                   : _printfi.c.obj (.text:_ecpy)
                  00005c34    0000004c                                   : atoi.c.obj (.text:atoi)
                  00005c80    00000048                                   : fd_toi_t2.asm.obj (.text)
                  00005cc8    00000044                                   : autoinit.c.obj (.text:__TI_auto_init_nobinit_nopinit:__TI_auto_init_nobinit_nopinit)
                  00005d0c    00000040                                   : vsnprintf.c.obj (.text:vsnprintf)
                  00005d4c    0000003e                                   : _printfi.c.obj (.text:_fcpy)
                  00005d8a    00000002     --HOLE-- [fill = 0]
                  00005d8c    00000038                                   : memory.c.obj (.text:calloc)
                  00005dc4    00000038                                   : fs_tod_t2.asm.obj (.text)
                  00005dfc    00000034     driverlib.lib : interrupt.obj (.text:IntRegister)
                  00005e30    00000034     rtsv7M4_T_le_v4SPD16_eabi.lib : boot_cortex_m.c.obj (.text:_c_int00_noargs:_c_int00_noargs)
                  00005e64    00000030                                   : vsnprintf.c.obj (.text:_outs)
                  00005e94    0000002e                                   : i_tofd_t2.asm.obj (.text)
                  00005ec2    00000002     --HOLE-- [fill = 0]
                  00005ec4    00000028                                   : memory.c.obj (.text:free_list_insert)
                  00005eec    0000001c                                   : copy_zero_init.c.obj (.text:decompress:ZI:__TI_zero_init_nomemset:__TI_zero_init_nomemset)
                  00005f08    0000001c                                   : memory.c.obj (.text:free_list_remove)
                  00005f24    0000001c                                   : memccpy.c.obj (.text:memccpy)
                  00005f40    0000001a                                   : s_copysign.c.obj (.text:copysign)
                  00005f5a    00000018                                   : vsnprintf.c.obj (.text:_outc)
                  00005f72    00000018     open_interface.obj (.text:oi_parseInt)
                  00005f8a    00000018     rtsv7M4_T_le_v4SPD16_eabi.lib : strcmp.c.obj (.text:strcmp)
                  00005fa2    00000016                                   : strchr.c.obj (.text:strchr)
                  00005fb8    00000014                                   : strcpy.c.obj (.text:strcpy)
                  00005fcc    00000014                                   : strlen.c.obj (.text:strlen)
                  00005fe0    00000012                                   : wcslen.c.obj (.text:wcslen)
                  00005ff2    00000010     driverlib.lib : interrupt.obj (.text:IntMasterEnable)
                  00006002    00000010     lcd.obj (.text:lcd_clear)
                  00006012    0000000e     rtsv7M4_T_le_v4SPD16_eabi.lib : copy_decompress_none.c.obj (.text:decompress:none:__TI_decompress_none)
                  00006020    0000000c     driverlib.lib : cpu.obj (.text:CPUcpsie)
                  0000602c    0000000c     tm4c123gh6pm_startup_ccs.obj (.text)
                  00006038    00000008     rtsv7M4_T_le_v4SPD16_eabi.lib : errno.c.obj (.text:__aeabi_errno_addr)
                  00006040    00000008                                   : memory.c.obj (.text:malloc)
                  00006048    00000004                                   : pre_init.c.obj (.text:_system_pre_init)
                  0000604c    00000004                                   : exit.c.obj (.text:abort:abort)

.const     0    00006050    000002a3     
                  00006050    00000158     rtsv7M4_T_le_v4SPD16_eabi.lib : k_rem_pio2.c.obj (.const:$O1$$)
                  000061a8    00000101                                   : ctype.c.obj (.const:.string:_ctypes_)
                  000062a9    00000004     lcd.obj (.const:.string:lineAddress$1)
                  000062ad    00000003     --HOLE-- [fill = 0]
                  000062b0    00000030     rtsv7M4_T_le_v4SPD16_eabi.lib : e_pow.c.obj (.const:$O1$$)
                  000062e0    0000000f     open_interface.obj (.const:.string:$P$T0$3)
                  000062ef    00000004     lcd.obj (.const:.string:lineAddresses$2)

.cinit     0    000062f8    00000050     
                  000062f8    00000019     (.cinit..data.load) [load image, compression = lzss]
                  00006311    00000003     --HOLE-- [fill = 0]
                  00006314    0000000c     (__TI_handler_table)
                  00006320    00000008     (.cinit..bss.load) [load image, compression = zero_init]
                  00006328    00000008     (.cinit..vtable.load) [load image, compression = zero_init]
                  00006330    00000018     (__TI_cinit_table)

.init_array 
*          0    00000000    00000000     UNINITIALIZED

.vtable    0    20000000    0000026c     UNINITIALIZED
                  20000000    0000026c     driverlib.lib : interrupt.obj (.vtable)

.stack     0    20000270    00001000     UNINITIALIZED
                  20000270    00000004     rtsv7M4_T_le_v4SPD16_eabi.lib : boot_cortex_m.c.obj (.stack)
                  20000274    00000ffc     --HOLE--

.sysmem    0    20001270    00001000     UNINITIALIZED
                  20001270    00000010     rtsv7M4_T_le_v4SPD16_eabi.lib : memory.c.obj (.sysmem)
                  20001280    00000ff0     --HOLE--

.bss       0    20002270    000000bd     UNINITIALIZED
                  20002270    00000054     lcd.obj (.bss:lastbuffer$3)
                  200022c4    00000034     (.common:isr_char_buffer)
                  200022f8    00000018     open_interface.obj (.bss:firmware$2)
                  20002310    00000004     (.common:_timeout_ticks)
                  20002314    00000004     (.common:fallingEdge)
                  20002318    00000004     (.common:isr_int_value)
                  2000231c    00000004     (.common:left_calibration_value)
                  20002320    00000004     (.common:pulseLength)
                  20002324    00000004     (.common:right_calibration_value)
                  20002328    00000004     (.common:risingEdge)
                  2000232c    00000001     (.common:isRisingEdge)

.data      0    20002330    0000003d     UNINITIALIZED
                  20002330    00000020     open_interface.obj (.data)
                  20002350    00000008     rtsv7M4_T_le_v4SPD16_eabi.lib : _lock.c.obj (.data:$O1$$)
                  20002358    00000008                                   : memory.c.obj (.data:$O1$$)
                  20002360    00000004     libcybotScan.lib : cyBot_Scan.obj (.data)
                  20002364    00000004     libcybotUART.lib : uart.obj (.data)
                  20002368    00000004     rtsv7M4_T_le_v4SPD16_eabi.lib : errno.c.obj (.data)
                  2000236c    00000001     Timer.obj (.data)

__llvm_prf_cnts 
*          0    20000000    00000000     UNINITIALIZED

MODULE SUMMARY

       Module                         code    ro data   rw data
       ------                         ----    -------   -------
    .\
       open_interface.obj             3128    15        56     
       main.obj                       1464    0         8      
       lcd.obj                        824     8         84     
       tm4c123gh6pm_startup_ccs.obj   12      620       0      
       Timer.obj                      584     0         5      
    +--+------------------------------+-------+---------+---------+
       Total:                         6012    643       153    
                                                               
    ../libcybotScan.lib
       cyBot_Scan.obj                 608     0         4      
       ping.obj                       492     0         13     
       servo.obj                      344     0         0      
       ir.obj                         280     0         4      
    +--+------------------------------+-------+---------+---------+
       Total:                         1724    0         21     
                                                               
    ../libcybotUART.lib
       uart.obj                       348     0         56     
    +--+------------------------------+-------+---------+---------+
       Total:                         348     0         56     
                                                               
    C:/ti/TivaWare_C_Series-2.2.0.295/driverlib/ccs/Debug/driverlib.lib
       interrupt.obj                  68      0         620    
       cpu.obj                        12      0         0      
    +--+------------------------------+-------+---------+---------+
       Total:                         80      0         620    
                                                               
    C:\ti\ccs1200\ccs\tools\compiler\ti-cgt-arm_20.2.6.LTS\lib\rtsv7M4_T_le_v4SPD16_eabi.lib
       _printfi.c.obj                 4851    0         0      
       e_pow.c.obj                    2512    48        0      
       k_rem_pio2.c.obj               1848    344       0      
       s_cos.c.obj                    1500    0         0      
       memory.c.obj                   728     0         8      
       fd_add_t2.asm.obj              438     0         0      
       k_sin.c.obj                    372     0         0      
       k_cos.c.obj                    368     0         0      
       e_sqrt.c.obj                   344     0         0      
       fd_div_t2.asm.obj              310     0         0      
       s_scalbn.c.obj                 272     0         0      
       fd_cmp_t2.asm.obj              268     0         0      
       ctype.c.obj                    0       257       0      
       fd_mul_t2.asm.obj              252     0         0      
       s_floor.c.obj                  248     0         0      
       memcpy_t2.asm.obj              156     0         0      
       ull_div_t2.asm.obj             150     0         0      
       vsnprintf.c.obj                136     0         0      
       memset_t2.asm.obj              122     0         0      
       fd_tos_t2.asm.obj              110     0         0      
       copy_decompress_lzss.c.obj     104     0         0      
       s_frexp.c.obj                  100     0         0      
       _ltoa.c.obj                    84      0         0      
       atoi.c.obj                     76      0         0      
       fd_toi_t2.asm.obj              72      0         0      
       autoinit.c.obj                 68      0         0      
       fs_tod_t2.asm.obj              56      0         0      
       boot_cortex_m.c.obj            52      0         0      
       i_tofd_t2.asm.obj              46      0         0      
       copy_zero_init.c.obj           28      0         0      
       memccpy.c.obj                  28      0         0      
       s_copysign.c.obj               26      0         0      
       strcmp.c.obj                   24      0         0      
       strchr.c.obj                   22      0         0      
       strcpy.c.obj                   20      0         0      
       strlen.c.obj                   20      0         0      
       wcslen.c.obj                   18      0         0      
       copy_decompress_none.c.obj     14      0         0      
       errno.c.obj                    8       0         4      
       _lock.c.obj                    2       0         8      
       exit.c.obj                     4       0         0      
       pre_init.c.obj                 4       0         0      
       div0.asm.obj                   2       0         0      
    +--+------------------------------+-------+---------+---------+
       Total:                         15863   649       20     
                                                               
       Heap:                          0       0         4096   
       Stack:                         0       0         4096   
       Linker Generated:              0       77        0      
    +--+------------------------------+-------+---------+---------+
       Grand Total:                   24027   1369      9062   


LINKER GENERATED COPY TABLES

__TI_cinit_table @ 00006330 records: 3, size/record: 8, table size: 24
	.data: load addr=000062f8, load size=00000019 bytes, run addr=20002330, run size=0000003d bytes, compression=lzss
	.bss: load addr=00006320, load size=00000008 bytes, run addr=20002270, run size=000000bd bytes, compression=zero_init
	.vtable: load addr=00006328, load size=00000008 bytes, run addr=20000000, run size=0000026c bytes, compression=zero_init


LINKER GENERATED HANDLER TABLE

__TI_handler_table @ 00006314 records: 3, size/record: 4, table size: 12
	index: 0, handler: __TI_zero_init
	index: 1, handler: __TI_decompress_lzss
	index: 2, handler: __TI_decompress_none


GLOBAL SYMBOLS: SORTED ALPHABETICALLY BY Name 

address   name                          
-------   ----                          
0000504d  ADC0SS0_Handler               
0000604d  C$$EXIT                       
00006021  CPUcpsie                      
00000bc3  GPIOF_Handler                 
00005ff3  IntMasterEnable               
00005dfd  IntRegister                   
0000602d  ResetISR                      
000040a9  TIMER3B_Handler               
20001270  __STACK_END                   
00001000  __STACK_SIZE                  
20000470  __STACK_TOP                   
00001000  __SYSMEM_SIZE                 
00006330  __TI_CINIT_Base               
00006348  __TI_CINIT_Limit              
00006314  __TI_Handler_Table_Base       
00006320  __TI_Handler_Table_Limit      
00005cc9  __TI_auto_init_nobinit_nopinit
00005a6d  __TI_decompress_lzss          
00006013  __TI_decompress_none          
00005b8f  __TI_ltoa                     
ffffffff  __TI_pprof_out_hndl           
00000e8d  __TI_printfi                  
ffffffff  __TI_prof_data_size           
ffffffff  __TI_prof_data_start          
00000000  __TI_static_base__            
00005eed  __TI_zero_init_nomemset       
00005799  __aeabi_cdcmpeq               
00005799  __aeabi_cdcmple               
0000581f  __aeabi_cdrcmple              
000059ff  __aeabi_d2f                   
00005c81  __aeabi_d2iz                  
0000437f  __aeabi_dadd                  
00004d59  __aeabi_ddiv                  
000052dd  __aeabi_dmul                  
00004375  __aeabi_dsub                  
00006039  __aeabi_errno_addr            
00005dc5  __aeabi_f2d                   
00005e95  __aeabi_i2d                   
0000452b  __aeabi_idiv0                 
0000452b  __aeabi_ldiv0                 
000058a5  __aeabi_memclr                
000058a5  __aeabi_memclr4               
000058a5  __aeabi_memclr8               
00005667  __aeabi_memcpy                
00005667  __aeabi_memcpy4               
00005667  __aeabi_memcpy8               
000058a7  __aeabi_memset                
000058a7  __aeabi_memset4               
000058a7  __aeabi_memset8               
00005703  __aeabi_uldivmod              
ffffffff  __binit__                     
ffffffff  __c_args__                    
000046a1  __kernel_cos                  
000022ad  __kernel_rem_pio2             
0000452d  __kernel_sin                  
UNDEFED   __mpu_init                    
20000270  __stack                       
20000000  __start___llvm_prf_cnts       
20000000  __stop___llvm_prf_cnts        
00005e31  _c_int00_noargs               
000061a8  _ctypes_                      
20002350  _lock                         
000018db  _nop                          
2000236c  _running                      
20001270  _sys_memory                   
UNDEFED   _system_post_cinit            
00006049  _system_pre_init              
20002310  _timeout_ticks                
20002354  _unlock                       
0000604d  abort                         
000051dd  aligned_alloc                 
00005c35  atoi                          
ffffffff  binit                         
00005d8d  calloc                        
00005f41  copysign                      
00005f41  copysignl                     
000029e5  cos                           
000029e5  cosl                          
00003be9  cyBOT_SERVO_cal               
00003b77  cyBOT_Scan                    
00003b1f  cyBOT_init_Scan               
20002360  cyBOT_scan_features           
00003b11  cyBOT_scan_version            
00004919  cyBot_UART1_Handler           
000048ff  cyBot_getByte                 
00004811  cyBot_sendByte                
000048e1  cyBot_uart_flush              
0000484f  cyBot_uart_init               
00004837  cyBot_uart_sendBuffer         
0000481d  cyBot_uart_sendStr            
20002368  errno                         
20002314  fallingEdge                   
000053d9  floor                         
000053d9  floorl                        
000054d1  free                          
00005ad5  frexp                         
00005ad5  frexpl                        
20000000  g_pfnRAMVectors               
00000000  g_pfnVectors                  
0000097f  go_charge                     
00005063  ir_enableInterrupt            
00005045  ir_getDistance                
0000501d  ir_getValue                   
00004fb5  ir_init                       
2000232c  isRisingEdge                  
200022c4  isr_char_buffer               
20002364  isr_counter                   
20002318  isr_int_value                 
00006003  lcd_clear                     
0000374d  lcd_gotoLine                  
000035b5  lcd_init                      
000037b3  lcd_printf                    
00003675  lcd_putc                      
000036ad  lcd_puts                      
00003579  lcd_reverseNibble             
000036cb  lcd_sendCommand               
00003709  lcd_sendNibble                
00003775  lcd_setCursorPos              
000050cd  ldexp                         
000050cd  ldexpl                        
2000231c  left_calibration_value        
00002fc1  main                          
00006041  malloc                        
000051dd  memalign                      
00005f25  memccpy                       
00005667  memcpy                        
000058ad  memset                        
20002330  motor_cal_factor_L            
20002334  motor_cal_factor_R            
0000026d  oi_alloc                      
00000aa9  oi_checkFirmware              
000002c7  oi_close                      
00000279  oi_free                       
00000ded  oi_getMotorCalibrationLeft    
00000e01  oi_getMotorCalibrationRight   
000002b1  oi_init                       
00000289  oi_init_noupdate              
00000915  oi_loadSong                   
00005f73  oi_parseInt                   
0000032b  oi_parsePacket                
0000096b  oi_play_song                  
0000084b  oi_setLeds                    
00000db1  oi_setMotorCalibration        
0000088f  oi_setWheels                  
00000b51  oi_shutoff_init               
0000098d  oi_uartInit                   
00000a31  oi_uartReceive                
00000a77  oi_uartSendBuff               
00000a15  oi_uartSendChar               
00000a59  oi_uartSendStr                
000002d9  oi_update                     
000040fb  ping_getDistance              
00003fb9  ping_init                     
0000403f  ping_trigger                  
000018dd  pow                           
000018dd  powl                          
20002320  pulseLength                   
20002324  right_calibration_value       
20002328  risingEdge                    
000050cd  scalbn                        
000050cd  scalbnl                       
0000496d  servo_init                    
000049fd  servo_move                    
00004a5d  servo_setPWM                  
000049f1  servo_stop                    
00004ac5  sqrt                          
00004ac5  sqrtl                         
00005fa3  strchr                        
00005f8b  strcmp                        
00005fb9  strcpy                        
00005fcd  strlen                        
00003e8f  timer_getMicros               
00003e37  timer_getMillis               
00003d71  timer_init                    
00003e13  timer_pause                   
00003e25  timer_resume                  
00003de9  timer_stop                    
00003ee9  timer_waitMicros              
00003f1b  timer_waitMillis              
00005d0d  vsnprintf                     
00005fe1  wcslen                        


GLOBAL SYMBOLS: SORTED BY Symbol Address 

address   name                          
-------   ----                          
00000000  __TI_static_base__            
00000000  g_pfnVectors                  
0000026d  oi_alloc                      
00000279  oi_free                       
00000289  oi_init_noupdate              
000002b1  oi_init                       
000002c7  oi_close                      
000002d9  oi_update                     
0000032b  oi_parsePacket                
0000084b  oi_setLeds                    
0000088f  oi_setWheels                  
00000915  oi_loadSong                   
0000096b  oi_play_song                  
0000097f  go_charge                     
0000098d  oi_uartInit                   
00000a15  oi_uartSendChar               
00000a31  oi_uartReceive                
00000a59  oi_uartSendStr                
00000a77  oi_uartSendBuff               
00000aa9  oi_checkFirmware              
00000b51  oi_shutoff_init               
00000bc3  GPIOF_Handler                 
00000db1  oi_setMotorCalibration        
00000ded  oi_getMotorCalibrationLeft    
00000e01  oi_getMotorCalibrationRight   
00000e8d  __TI_printfi                  
00001000  __STACK_SIZE                  
00001000  __SYSMEM_SIZE                 
000018db  _nop                          
000018dd  pow                           
000018dd  powl                          
000022ad  __kernel_rem_pio2             
000029e5  cos                           
000029e5  cosl                          
00002fc1  main                          
00003579  lcd_reverseNibble             
000035b5  lcd_init                      
00003675  lcd_putc                      
000036ad  lcd_puts                      
000036cb  lcd_sendCommand               
00003709  lcd_sendNibble                
0000374d  lcd_gotoLine                  
00003775  lcd_setCursorPos              
000037b3  lcd_printf                    
00003b11  cyBOT_scan_version            
00003b1f  cyBOT_init_Scan               
00003b77  cyBOT_Scan                    
00003be9  cyBOT_SERVO_cal               
00003d71  timer_init                    
00003de9  timer_stop                    
00003e13  timer_pause                   
00003e25  timer_resume                  
00003e37  timer_getMillis               
00003e8f  timer_getMicros               
00003ee9  timer_waitMicros              
00003f1b  timer_waitMillis              
00003fb9  ping_init                     
0000403f  ping_trigger                  
000040a9  TIMER3B_Handler               
000040fb  ping_getDistance              
00004375  __aeabi_dsub                  
0000437f  __aeabi_dadd                  
0000452b  __aeabi_idiv0                 
0000452b  __aeabi_ldiv0                 
0000452d  __kernel_sin                  
000046a1  __kernel_cos                  
00004811  cyBot_sendByte                
0000481d  cyBot_uart_sendStr            
00004837  cyBot_uart_sendBuffer         
0000484f  cyBot_uart_init               
000048e1  cyBot_uart_flush              
000048ff  cyBot_getByte                 
00004919  cyBot_UART1_Handler           
0000496d  servo_init                    
000049f1  servo_stop                    
000049fd  servo_move                    
00004a5d  servo_setPWM                  
00004ac5  sqrt                          
00004ac5  sqrtl                         
00004d59  __aeabi_ddiv                  
00004fb5  ir_init                       
0000501d  ir_getValue                   
00005045  ir_getDistance                
0000504d  ADC0SS0_Handler               
00005063  ir_enableInterrupt            
000050cd  ldexp                         
000050cd  ldexpl                        
000050cd  scalbn                        
000050cd  scalbnl                       
000051dd  aligned_alloc                 
000051dd  memalign                      
000052dd  __aeabi_dmul                  
000053d9  floor                         
000053d9  floorl                        
000054d1  free                          
00005667  __aeabi_memcpy                
00005667  __aeabi_memcpy4               
00005667  __aeabi_memcpy8               
00005667  memcpy                        
00005703  __aeabi_uldivmod              
00005799  __aeabi_cdcmpeq               
00005799  __aeabi_cdcmple               
0000581f  __aeabi_cdrcmple              
000058a5  __aeabi_memclr                
000058a5  __aeabi_memclr4               
000058a5  __aeabi_memclr8               
000058a7  __aeabi_memset                
000058a7  __aeabi_memset4               
000058a7  __aeabi_memset8               
000058ad  memset                        
000059ff  __aeabi_d2f                   
00005a6d  __TI_decompress_lzss          
00005ad5  frexp                         
00005ad5  frexpl                        
00005b8f  __TI_ltoa                     
00005c35  atoi                          
00005c81  __aeabi_d2iz                  
00005cc9  __TI_auto_init_nobinit_nopinit
00005d0d  vsnprintf                     
00005d8d  calloc                        
00005dc5  __aeabi_f2d                   
00005dfd  IntRegister                   
00005e31  _c_int00_noargs               
00005e95  __aeabi_i2d                   
00005eed  __TI_zero_init_nomemset       
00005f25  memccpy                       
00005f41  copysign                      
00005f41  copysignl                     
00005f73  oi_parseInt                   
00005f8b  strcmp                        
00005fa3  strchr                        
00005fb9  strcpy                        
00005fcd  strlen                        
00005fe1  wcslen                        
00005ff3  IntMasterEnable               
00006003  lcd_clear                     
00006013  __TI_decompress_none          
00006021  CPUcpsie                      
0000602d  ResetISR                      
00006039  __aeabi_errno_addr            
00006041  malloc                        
00006049  _system_pre_init              
0000604d  C$$EXIT                       
0000604d  abort                         
000061a8  _ctypes_                      
00006314  __TI_Handler_Table_Base       
00006320  __TI_Handler_Table_Limit      
00006330  __TI_CINIT_Base               
00006348  __TI_CINIT_Limit              
20000000  __start___llvm_prf_cnts       
20000000  __stop___llvm_prf_cnts        
20000000  g_pfnRAMVectors               
20000270  __stack                       
20000470  __STACK_TOP                   
20001270  __STACK_END                   
20001270  _sys_memory                   
200022c4  isr_char_buffer               
20002310  _timeout_ticks                
20002314  fallingEdge                   
20002318  isr_int_value                 
2000231c  left_calibration_value        
20002320  pulseLength                   
20002324  right_calibration_value       
20002328  risingEdge                    
2000232c  isRisingEdge                  
20002330  motor_cal_factor_L            
20002334  motor_cal_factor_R            
20002350  _lock                         
20002354  _unlock                       
20002360  cyBOT_scan_features           
20002364  isr_counter                   
20002368  errno                         
2000236c  _running                      
ffffffff  __TI_pprof_out_hndl           
ffffffff  __TI_prof_data_size           
ffffffff  __TI_prof_data_start          
ffffffff  __binit__                     
ffffffff  __c_args__                    
ffffffff  binit                         
UNDEFED   __mpu_init                    
UNDEFED   _system_post_cinit            

[181 symbols]
