******************************************************************************
                  TI ARM Linker PC v20.2.6                     
******************************************************************************
>> Linked Thu Feb 16 13:21:29 2023

OUTPUT FILE NAME:   <Lab4.out>
ENTRY POINT SYMBOL: "_c_int00_noargs"  address: 00002815


MEMORY CONFIGURATION

         name            origin    length      used     unused   attr    fill
----------------------  --------  ---------  --------  --------  ----  --------
  FLASH                 00000000   00040000  00002afd  0003d503  R  X
  SRAM                  20000000   00008000  00002302  00005cfe  RW X


SEGMENT ALLOCATION MAP

run origin  load origin   length   init length attrs members
----------  ----------- ---------- ----------- ----- -------
00000000    00000000    00002b00   00002b00    r-x
  00000000    00000000    0000026c   0000026c    r-- .intvecs
  0000026c    0000026c    00002748   00002748    r-x .text
  000029b4    000029b4    00000109   00000109    r-- .const
  00002ac0    00002ac0    00000040   00000040    r-- .cinit
20000000    20000000    00002306   00000000    rw-
  20000000    20000000    0000026c   00000000    rw- .vtable
  20000270    20000270    00001000   00000000    rw- .stack
  20001270    20001270    00001000   00000000    rw- .sysmem
  20002270    20002270    0000008c   00000000    rw- .bss
  200022fc    200022fc    0000000a   00000000    rw- .data


SECTION ALLOCATION MAP

 output                                  attributes/
section   page    origin      length       input sections
--------  ----  ----------  ----------   ----------------
.intvecs   0    00000000    0000026c     
                  00000000    0000026c     tm4c123gh6pm_startup_ccs.obj (.intvecs)

.text      0    0000026c    00002748     
                  0000026c    00000a4e     rtsv7M4_T_le_v4SPD16_eabi.lib : _printfi.c.obj (.text:__TI_printfi)
                  00000cba    00000002                                   : div0.asm.obj (.text)
                  00000cbc    00000328     lcd.obj (.text)
                  00000fe4    00000270     rtsv7M4_T_le_v4SPD16_eabi.lib : _printfi.c.obj (.text:_pconv_a)
                  00001254    00000248     Timer.obj (.text)
                  0000149c    000001d0     rtsv7M4_T_le_v4SPD16_eabi.lib : _printfi.c.obj (.text:_pconv_g)
                  0000166c    000001b6                                   : fd_add_t2.asm.obj (.text)
                  00001822    00000002     --HOLE-- [fill = 0]
                  00001824    0000015c     libcybotUART.lib : uart.obj (.text)
                  00001980    00000144     main.obj (.text)
                  00001ac4    0000013c     rtsv7M4_T_le_v4SPD16_eabi.lib : _printfi.c.obj (.text:_pconv_e)
                  00001c00    00000136                                   : fd_div_t2.asm.obj (.text)
                  00001d36    00000002     --HOLE-- [fill = 0]
                  00001d38    00000124                                   : _printfi.c.obj (.text:fcvt)
                  00001e5c    00000110                                   : s_scalbn.c.obj (.text:scalbn)
                  00001f6c    000000fc                                   : fd_mul_t2.asm.obj (.text)
                  00002068    000000b1                                   : _printfi.c.obj (.text:_ltostr)
                  00002119    00000001     --HOLE-- [fill = 0]
                  0000211a    0000009c                                   : memcpy_t2.asm.obj (.text)
                  000021b6    00000096                                   : ull_div_t2.asm.obj (.text)
                  0000224c    00000086                                   : fd_cmp_t2.asm.obj (.text:__aeabi_cdcmple)
                  000022d2    00000086                                   : fd_cmp_t2.asm.obj (.text:__aeabi_cdrcmple)
                  00002358    00000080     button.obj (.text)
                  000023d8    0000007a     rtsv7M4_T_le_v4SPD16_eabi.lib : memset_t2.asm.obj (.text)
                  00002452    0000006e                                   : _printfi.c.obj (.text:_mcpy)
                  000024c0    00000068                                   : copy_decompress_lzss.c.obj (.text:decompress:lzss:__TI_decompress_lzss)
                  00002528    00000064                                   : s_frexp.c.obj (.text:frexp)
                  0000258c    00000056                                   : _printfi.c.obj (.text:_pconv_f)
                  000025e2    00000054                                   : _ltoa.c.obj (.text:__TI_ltoa)
                  00002636    00000052                                   : _printfi.c.obj (.text:_ecpy)
                  00002688    0000004c                                   : atoi.c.obj (.text:atoi)
                  000026d4    00000048                                   : fd_toi_t2.asm.obj (.text)
                  0000271c    00000044                                   : autoinit.c.obj (.text:__TI_auto_init_nobinit_nopinit:__TI_auto_init_nobinit_nopinit)
                  00002760    00000040                                   : vsnprintf.c.obj (.text:vsnprintf)
                  000027a0    0000003e                                   : _printfi.c.obj (.text:_fcpy)
                  000027de    00000002     --HOLE-- [fill = 0]
                  000027e0    00000034     driverlib.lib : interrupt.obj (.text:IntRegister)
                  00002814    00000034     rtsv7M4_T_le_v4SPD16_eabi.lib : boot_cortex_m.c.obj (.text:_c_int00_noargs:_c_int00_noargs)
                  00002848    00000030                                   : vsnprintf.c.obj (.text:_outs)
                  00002878    0000002e                                   : i_tofd_t2.asm.obj (.text)
                  000028a6    0000001c                                   : copy_zero_init.c.obj (.text:decompress:ZI:__TI_zero_init_nomemset:__TI_zero_init_nomemset)
                  000028c2    0000001c                                   : memccpy.c.obj (.text:memccpy)
                  000028de    0000001a                                   : s_copysign.c.obj (.text:copysign)
                  000028f8    00000018                                   : vsnprintf.c.obj (.text:_outc)
                  00002910    00000018                                   : strcmp.c.obj (.text:strcmp)
                  00002928    00000016                                   : strchr.c.obj (.text:strchr)
                  0000293e    00000014                                   : strcpy.c.obj (.text:strcpy)
                  00002952    00000014                                   : strlen.c.obj (.text:strlen)
                  00002966    00000012                                   : wcslen.c.obj (.text:wcslen)
                  00002978    00000010     lcd.obj (.text:lcd_clear)
                  00002988    0000000e     rtsv7M4_T_le_v4SPD16_eabi.lib : copy_decompress_none.c.obj (.text:decompress:none:__TI_decompress_none)
                  00002996    0000000c     tm4c123gh6pm_startup_ccs.obj (.text)
                  000029a2    00000002     --HOLE-- [fill = 0]
                  000029a4    00000008     rtsv7M4_T_le_v4SPD16_eabi.lib : errno.c.obj (.text:__aeabi_errno_addr)
                  000029ac    00000004                                   : pre_init.c.obj (.text:_system_pre_init)
                  000029b0    00000004                                   : exit.c.obj (.text:abort:abort)

.const     0    000029b4    00000109     
                  000029b4    00000101     rtsv7M4_T_le_v4SPD16_eabi.lib : ctype.c.obj (.const:.string:_ctypes_)
                  00002ab5    00000004     lcd.obj (.const:.string:lineAddress$1)
                  00002ab9    00000004     lcd.obj (.const:.string:lineAddresses$2)

.cinit     0    00002ac0    00000040     
                  00002ac0    0000000c     (__TI_handler_table)
                  00002acc    00000004     --HOLE-- [fill = 0]
                  00002ad0    00000008     (.cinit..bss.load) [load image, compression = zero_init]
                  00002ad8    00000008     (.cinit..vtable.load) [load image, compression = zero_init]
                  00002ae0    00000007     (.cinit..data.load) [load image, compression = lzss]
                  00002ae7    00000001     --HOLE-- [fill = 0]
                  00002ae8    00000018     (__TI_cinit_table)

.init_array 
*          0    00000000    00000000     UNINITIALIZED

.vtable    0    20000000    0000026c     UNINITIALIZED
                  20000000    0000026c     driverlib.lib : interrupt.obj (.vtable)

.stack     0    20000270    00001000     UNINITIALIZED
                  20000270    00000004     rtsv7M4_T_le_v4SPD16_eabi.lib : boot_cortex_m.c.obj (.stack)
                  20000274    00000ffc     --HOLE--

.sysmem    0    20001270    00001000     UNINITIALIZED
                  20001270    00000010     rtsv7M4_T_le_v4SPD16_eabi.lib : memory.c.obj (.sysmem)
                  20001280    00000ff0     --HOLE--

.bss       0    20002270    0000008c     UNINITIALIZED
                  20002270    00000054     lcd.obj (.bss:lastbuffer$3)
                  200022c4    00000034     (.common:isr_char_buffer)
                  200022f8    00000004     (.common:_timeout_ticks)

.data      0    200022fc    0000000a     UNINITIALIZED
                  200022fc    00000004     libcybotUART.lib : uart.obj (.data)
                  20002300    00000004     rtsv7M4_T_le_v4SPD16_eabi.lib : errno.c.obj (.data)
                  20002304    00000001     Timer.obj (.data)
                  20002305    00000001     button.obj (.data)

__llvm_prf_cnts 
*          0    20000000    00000000     UNINITIALIZED

MODULE SUMMARY

       Module                         code    ro data   rw data
       ------                         ----    -------   -------
    .\
       lcd.obj                        824     8         84     
       tm4c123gh6pm_startup_ccs.obj   12      620       0      
       Timer.obj                      584     0         5      
       main.obj                       324     0         0      
       button.obj                     128     0         1      
    +--+------------------------------+-------+---------+---------+
       Total:                         1872    628       90     
                                                               
    ../libcybotUART.lib
       uart.obj                       348     0         56     
    +--+------------------------------+-------+---------+---------+
       Total:                         348     0         56     
                                                               
    C:/ti/TivaWare_C_Series-2.2.0.295/driverlib/ccs/Debug/driverlib.lib
       interrupt.obj                  52      0         620    
    +--+------------------------------+-------+---------+---------+
       Total:                         52      0         620    
                                                               
    C:\ti\ccs1200\ccs\tools\compiler\ti-cgt-arm_20.2.6.LTS\lib\rtsv7M4_T_le_v4SPD16_eabi.lib
       _printfi.c.obj                 4851    0         0      
       fd_add_t2.asm.obj              438     0         0      
       fd_div_t2.asm.obj              310     0         0      
       s_scalbn.c.obj                 272     0         0      
       fd_cmp_t2.asm.obj              268     0         0      
       ctype.c.obj                    0       257       0      
       fd_mul_t2.asm.obj              252     0         0      
       memcpy_t2.asm.obj              156     0         0      
       ull_div_t2.asm.obj             150     0         0      
       vsnprintf.c.obj                136     0         0      
       memset_t2.asm.obj              122     0         0      
       copy_decompress_lzss.c.obj     104     0         0      
       s_frexp.c.obj                  100     0         0      
       _ltoa.c.obj                    84      0         0      
       atoi.c.obj                     76      0         0      
       fd_toi_t2.asm.obj              72      0         0      
       autoinit.c.obj                 68      0         0      
       boot_cortex_m.c.obj            52      0         0      
       i_tofd_t2.asm.obj              46      0         0      
       copy_zero_init.c.obj           28      0         0      
       memccpy.c.obj                  28      0         0      
       s_copysign.c.obj               26      0         0      
       strcmp.c.obj                   24      0         0      
       strchr.c.obj                   22      0         0      
       strcpy.c.obj                   20      0         0      
       strlen.c.obj                   20      0         0      
       wcslen.c.obj                   18      0         0      
       copy_decompress_none.c.obj     14      0         0      
       errno.c.obj                    8       0         4      
       exit.c.obj                     4       0         0      
       pre_init.c.obj                 4       0         0      
       div0.asm.obj                   2       0         0      
    +--+------------------------------+-------+---------+---------+
       Total:                         7775    257       4      
                                                               
       Heap:                          0       0         4096   
       Stack:                         0       0         4096   
       Linker Generated:              0       59        0      
    +--+------------------------------+-------+---------+---------+
       Grand Total:                   10047   944       8962   


LINKER GENERATED COPY TABLES

__TI_cinit_table @ 00002ae8 records: 3, size/record: 8, table size: 24
	.bss: load addr=00002ad0, load size=00000008 bytes, run addr=20002270, run size=0000008c bytes, compression=zero_init
	.vtable: load addr=00002ad8, load size=00000008 bytes, run addr=20000000, run size=0000026c bytes, compression=zero_init
	.data: load addr=00002ae0, load size=00000007 bytes, run addr=200022fc, run size=0000000a bytes, compression=lzss


LINKER GENERATED HANDLER TABLE

__TI_handler_table @ 00002ac0 records: 3, size/record: 4, table size: 12
	index: 0, handler: __TI_zero_init
	index: 1, handler: __TI_decompress_lzss
	index: 2, handler: __TI_decompress_none


GLOBAL SYMBOLS: SORTED ALPHABETICALLY BY Name 

address   name                          
-------   ----                          
000029b1  C$$EXIT                       
000027e1  IntRegister                   
00002997  ResetISR                      
20001270  __STACK_END                   
00001000  __STACK_SIZE                  
20000470  __STACK_TOP                   
00001000  __SYSMEM_SIZE                 
00002ae8  __TI_CINIT_Base               
00002b00  __TI_CINIT_Limit              
00002ac0  __TI_Handler_Table_Base       
00002acc  __TI_Handler_Table_Limit      
0000271d  __TI_auto_init_nobinit_nopinit
000024c1  __TI_decompress_lzss          
00002989  __TI_decompress_none          
000025e3  __TI_ltoa                     
ffffffff  __TI_pprof_out_hndl           
0000026d  __TI_printfi                  
ffffffff  __TI_prof_data_size           
ffffffff  __TI_prof_data_start          
00000000  __TI_static_base__            
000028a7  __TI_zero_init_nomemset       
0000224d  __aeabi_cdcmpeq               
0000224d  __aeabi_cdcmple               
000022d3  __aeabi_cdrcmple              
000026d5  __aeabi_d2iz                  
00001677  __aeabi_dadd                  
00001c01  __aeabi_ddiv                  
00001f6d  __aeabi_dmul                  
0000166d  __aeabi_dsub                  
000029a5  __aeabi_errno_addr            
00002879  __aeabi_i2d                   
00000cbb  __aeabi_idiv0                 
00000cbb  __aeabi_ldiv0                 
000023d9  __aeabi_memclr                
000023d9  __aeabi_memclr4               
000023d9  __aeabi_memclr8               
0000211b  __aeabi_memcpy                
0000211b  __aeabi_memcpy4               
0000211b  __aeabi_memcpy8               
000023db  __aeabi_memset                
000023db  __aeabi_memset4               
000023db  __aeabi_memset8               
000021b7  __aeabi_uldivmod              
ffffffff  __binit__                     
ffffffff  __c_args__                    
UNDEFED   __mpu_init                    
20000270  __stack                       
20000000  __start___llvm_prf_cnts       
20000000  __stop___llvm_prf_cnts        
00002815  _c_int00_noargs               
000029b4  _ctypes_                      
20002304  _running                      
20001270  _sys_memory                   
UNDEFED   _system_post_cinit            
000029ad  _system_pre_init              
200022f8  _timeout_ticks                
000029b1  abort                         
00002689  atoi                          
ffffffff  binit                         
0000238d  button_getButton              
00002359  button_init                   
000028df  copysign                      
000028df  copysignl                     
0000192d  cyBot_UART1_Handler           
00001913  cyBot_getByte                 
00001825  cyBot_sendByte                
000018f5  cyBot_uart_flush              
00001863  cyBot_uart_init               
0000184b  cyBot_uart_sendBuffer         
00001831  cyBot_uart_sendStr            
20002300  errno                         
00002529  frexp                         
00002529  frexpl                        
20000000  g_pfnRAMVectors               
00000000  g_pfnVectors                  
200022c4  isr_char_buffer               
200022fc  isr_counter                   
00002979  lcd_clear                     
00000e91  lcd_gotoLine                  
00000cf9  lcd_init                      
00000ef7  lcd_printf                    
00000db9  lcd_putc                      
00000df1  lcd_puts                      
00000cbd  lcd_reverseNibble             
00000e0f  lcd_sendCommand               
00000e4d  lcd_sendNibble                
00000eb9  lcd_setCursorPos              
00001e5d  ldexp                         
00001e5d  ldexpl                        
00001981  main                          
000028c3  memccpy                       
0000211b  memcpy                        
000023e1  memset                        
00001e5d  scalbn                        
00001e5d  scalbnl                       
00002929  strchr                        
00002911  strcmp                        
0000293f  strcpy                        
00002953  strlen                        
00001373  timer_getMicros               
0000131b  timer_getMillis               
00001255  timer_init                    
000012f7  timer_pause                   
00001309  timer_resume                  
000012cd  timer_stop                    
000013cd  timer_waitMicros              
000013ff  timer_waitMillis              
00002761  vsnprintf                     
00002967  wcslen                        


GLOBAL SYMBOLS: SORTED BY Symbol Address 

address   name                          
-------   ----                          
00000000  __TI_static_base__            
00000000  g_pfnVectors                  
0000026d  __TI_printfi                  
00000cbb  __aeabi_idiv0                 
00000cbb  __aeabi_ldiv0                 
00000cbd  lcd_reverseNibble             
00000cf9  lcd_init                      
00000db9  lcd_putc                      
00000df1  lcd_puts                      
00000e0f  lcd_sendCommand               
00000e4d  lcd_sendNibble                
00000e91  lcd_gotoLine                  
00000eb9  lcd_setCursorPos              
00000ef7  lcd_printf                    
00001000  __STACK_SIZE                  
00001000  __SYSMEM_SIZE                 
00001255  timer_init                    
000012cd  timer_stop                    
000012f7  timer_pause                   
00001309  timer_resume                  
0000131b  timer_getMillis               
00001373  timer_getMicros               
000013cd  timer_waitMicros              
000013ff  timer_waitMillis              
0000166d  __aeabi_dsub                  
00001677  __aeabi_dadd                  
00001825  cyBot_sendByte                
00001831  cyBot_uart_sendStr            
0000184b  cyBot_uart_sendBuffer         
00001863  cyBot_uart_init               
000018f5  cyBot_uart_flush              
00001913  cyBot_getByte                 
0000192d  cyBot_UART1_Handler           
00001981  main                          
00001c01  __aeabi_ddiv                  
00001e5d  ldexp                         
00001e5d  ldexpl                        
00001e5d  scalbn                        
00001e5d  scalbnl                       
00001f6d  __aeabi_dmul                  
0000211b  __aeabi_memcpy                
0000211b  __aeabi_memcpy4               
0000211b  __aeabi_memcpy8               
0000211b  memcpy                        
000021b7  __aeabi_uldivmod              
0000224d  __aeabi_cdcmpeq               
0000224d  __aeabi_cdcmple               
000022d3  __aeabi_cdrcmple              
00002359  button_init                   
0000238d  button_getButton              
000023d9  __aeabi_memclr                
000023d9  __aeabi_memclr4               
000023d9  __aeabi_memclr8               
000023db  __aeabi_memset                
000023db  __aeabi_memset4               
000023db  __aeabi_memset8               
000023e1  memset                        
000024c1  __TI_decompress_lzss          
00002529  frexp                         
00002529  frexpl                        
000025e3  __TI_ltoa                     
00002689  atoi                          
000026d5  __aeabi_d2iz                  
0000271d  __TI_auto_init_nobinit_nopinit
00002761  vsnprintf                     
000027e1  IntRegister                   
00002815  _c_int00_noargs               
00002879  __aeabi_i2d                   
000028a7  __TI_zero_init_nomemset       
000028c3  memccpy                       
000028df  copysign                      
000028df  copysignl                     
00002911  strcmp                        
00002929  strchr                        
0000293f  strcpy                        
00002953  strlen                        
00002967  wcslen                        
00002979  lcd_clear                     
00002989  __TI_decompress_none          
00002997  ResetISR                      
000029a5  __aeabi_errno_addr            
000029ad  _system_pre_init              
000029b1  C$$EXIT                       
000029b1  abort                         
000029b4  _ctypes_                      
00002ac0  __TI_Handler_Table_Base       
00002acc  __TI_Handler_Table_Limit      
00002ae8  __TI_CINIT_Base               
00002b00  __TI_CINIT_Limit              
20000000  __start___llvm_prf_cnts       
20000000  __stop___llvm_prf_cnts        
20000000  g_pfnRAMVectors               
20000270  __stack                       
20000470  __STACK_TOP                   
20001270  __STACK_END                   
20001270  _sys_memory                   
200022c4  isr_char_buffer               
200022f8  _timeout_ticks                
200022fc  isr_counter                   
20002300  errno                         
20002304  _running                      
ffffffff  __TI_pprof_out_hndl           
ffffffff  __TI_prof_data_size           
ffffffff  __TI_prof_data_start          
ffffffff  __binit__                     
ffffffff  __c_args__                    
ffffffff  binit                         
UNDEFED   __mpu_init                    
UNDEFED   _system_post_cinit            

[109 symbols]
