******************************************************************************
                  TI ARM Linker PC v20.2.6                     
******************************************************************************
>> Linked Thu Mar 23 14:03:20 2023

OUTPUT FILE NAME:   <Lab8.out>
ENTRY POINT SYMBOL: "_c_int00_noargs"  address: 00002e7d


MEMORY CONFIGURATION

         name            origin    length      used     unused   attr    fill
----------------------  --------  ---------  --------  --------  ----  --------
  FLASH                 00000000   00040000  000031d5  0003ce2b  R  X
  SRAM                  20000000   00008000  000022fa  00005d06  RW X


SEGMENT ALLOCATION MAP

run origin  load origin   length   init length attrs members
----------  ----------- ---------- ----------- ----- -------
00000000    00000000    000031d8   000031d8    r-x
  00000000    00000000    0000026c   0000026c    r-- .intvecs
  0000026c    0000026c    00002e18   00002e18    r-x .text
  00003084    00003084    00000109   00000109    r-- .const
  00003190    00003190    00000048   00000048    r-- .cinit
20000000    20000000    00002301   00000000    rw-
  20000000    20000000    0000026c   00000000    rw- .vtable
  20000270    20000270    00001000   00000000    rw- .stack
  20001270    20001270    00001000   00000000    rw- .sysmem
  20002270    20002270    00000071   00000000    rw- .bss
  200022e4    200022e4    0000001d   00000000    rw- .data


SECTION ALLOCATION MAP

 output                                  attributes/
section   page    origin      length       input sections
--------  ----  ----------  ----------   ----------------
.intvecs   0    00000000    0000026c     
                  00000000    0000026c     tm4c123gh6pm_startup_ccs.obj (.intvecs)

.text      0    0000026c    00002e18     
                  0000026c    00000a4e     rtsv7M4_T_le_v4SPD16_eabi.lib : _printfi.c.obj (.text:__TI_printfi)
                  00000cba    00000002                                   : _lock.c.obj (.text:_nop)
                  00000cbc    00000328     lcd.obj (.text)
                  00000fe4    00000270     rtsv7M4_T_le_v4SPD16_eabi.lib : _printfi.c.obj (.text:_pconv_a)
                  00001254    00000260     libcybotScan.lib : cyBot_Scan.obj (.text)
                  000014b4    00000248     Timer.obj (.text)
                  000016fc    000001ec     libcybotScan.lib : ping.obj (.text)
                  000018e8    000001d0     rtsv7M4_T_le_v4SPD16_eabi.lib : _printfi.c.obj (.text:_pconv_g)
                  00001ab8    000001b6                                   : fd_add_t2.asm.obj (.text)
                  00001c6e    00000002                                   : div0.asm.obj (.text)
                  00001c70    00000158     libcybotScan.lib : servo.obj (.text)
                  00001dc8    0000013c     rtsv7M4_T_le_v4SPD16_eabi.lib : _printfi.c.obj (.text:_pconv_e)
                  00001f04    00000136                                   : fd_div_t2.asm.obj (.text)
                  0000203a    00000002     --HOLE-- [fill = 0]
                  0000203c    00000124                                   : _printfi.c.obj (.text:fcvt)
                  00002160    00000118     libcybotScan.lib : ir.obj (.text)
                  00002278    00000110     rtsv7M4_T_le_v4SPD16_eabi.lib : s_scalbn.c.obj (.text:scalbn)
                  00002388    00000100                                   : memory.c.obj (.text:aligned_alloc)
                  00002488    000000fc     adc.obj (.text)
                  00002584    000000fc     rtsv7M4_T_le_v4SPD16_eabi.lib : fd_mul_t2.asm.obj (.text)
                  00002680    000000b1                                   : _printfi.c.obj (.text:_ltostr)
                  00002731    00000001     --HOLE-- [fill = 0]
                  00002732    0000009c                                   : memcpy_t2.asm.obj (.text)
                  000027ce    00000096                                   : ull_div_t2.asm.obj (.text)
                  00002864    00000086                                   : fd_cmp_t2.asm.obj (.text:__aeabi_cdcmple)
                  000028ea    00000086                                   : fd_cmp_t2.asm.obj (.text:__aeabi_cdrcmple)
                  00002970    0000007a                                   : memset_t2.asm.obj (.text)
                  000029ea    00000002     --HOLE-- [fill = 0]
                  000029ec    00000070                                   : memory.c.obj (.text:split)
                  00002a5c    0000006e                                   : _printfi.c.obj (.text:_mcpy)
                  00002aca    00000068                                   : copy_decompress_lzss.c.obj (.text:decompress:lzss:__TI_decompress_lzss)
                  00002b32    00000002     --HOLE-- [fill = 0]
                  00002b34    00000064                                   : s_frexp.c.obj (.text:frexp)
                  00002b98    0000005c     main.obj (.text)
                  00002bf4    00000056     rtsv7M4_T_le_v4SPD16_eabi.lib : _printfi.c.obj (.text:_pconv_f)
                  00002c4a    00000054                                   : _ltoa.c.obj (.text:__TI_ltoa)
                  00002c9e    00000052                                   : _printfi.c.obj (.text:_ecpy)
                  00002cf0    0000004c                                   : atoi.c.obj (.text:atoi)
                  00002d3c    00000048                                   : fd_toi_t2.asm.obj (.text)
                  00002d84    00000044                                   : autoinit.c.obj (.text:__TI_auto_init_nobinit_nopinit:__TI_auto_init_nobinit_nopinit)
                  00002dc8    00000040                                   : vsnprintf.c.obj (.text:vsnprintf)
                  00002e08    0000003e                                   : _printfi.c.obj (.text:_fcpy)
                  00002e46    00000002     --HOLE-- [fill = 0]
                  00002e48    00000034     driverlib.lib : interrupt.obj (.text:IntRegister)
                  00002e7c    00000034     rtsv7M4_T_le_v4SPD16_eabi.lib : boot_cortex_m.c.obj (.text:_c_int00_noargs:_c_int00_noargs)
                  00002eb0    00000030                                   : vsnprintf.c.obj (.text:_outs)
                  00002ee0    0000002e                                   : i_tofd_t2.asm.obj (.text)
                  00002f0e    00000002     --HOLE-- [fill = 0]
                  00002f10    00000028                                   : memory.c.obj (.text:free_list_insert)
                  00002f38    0000001c                                   : copy_zero_init.c.obj (.text:decompress:ZI:__TI_zero_init_nomemset:__TI_zero_init_nomemset)
                  00002f54    0000001c                                   : memory.c.obj (.text:free_list_remove)
                  00002f70    0000001c                                   : memccpy.c.obj (.text:memccpy)
                  00002f8c    0000001a                                   : s_copysign.c.obj (.text:copysign)
                  00002fa6    00000018                                   : vsnprintf.c.obj (.text:_outc)
                  00002fbe    00000018                                   : strcmp.c.obj (.text:strcmp)
                  00002fd6    00000016                                   : strchr.c.obj (.text:strchr)
                  00002fec    00000014                                   : strcpy.c.obj (.text:strcpy)
                  00003000    00000014                                   : strlen.c.obj (.text:strlen)
                  00003014    00000012                                   : wcslen.c.obj (.text:wcslen)
                  00003026    00000010     driverlib.lib : interrupt.obj (.text:IntMasterEnable)
                  00003036    00000010     lcd.obj (.text:lcd_clear)
                  00003046    0000000e     rtsv7M4_T_le_v4SPD16_eabi.lib : copy_decompress_none.c.obj (.text:decompress:none:__TI_decompress_none)
                  00003054    0000000c     driverlib.lib : cpu.obj (.text:CPUcpsie)
                  00003060    0000000c     tm4c123gh6pm_startup_ccs.obj (.text)
                  0000306c    00000008     rtsv7M4_T_le_v4SPD16_eabi.lib : errno.c.obj (.text:__aeabi_errno_addr)
                  00003074    00000008                                   : memory.c.obj (.text:malloc)
                  0000307c    00000004                                   : pre_init.c.obj (.text:_system_pre_init)
                  00003080    00000004                                   : exit.c.obj (.text:abort:abort)

.const     0    00003084    00000109     
                  00003084    00000101     rtsv7M4_T_le_v4SPD16_eabi.lib : ctype.c.obj (.const:.string:_ctypes_)
                  00003185    00000004     lcd.obj (.const:.string:lineAddress$1)
                  00003189    00000004     lcd.obj (.const:.string:lineAddresses$2)

.cinit     0    00003190    00000048     
                  00003190    0000000d     (.cinit..data.load) [load image, compression = lzss]
                  0000319d    00000003     --HOLE-- [fill = 0]
                  000031a0    0000000c     (__TI_handler_table)
                  000031ac    00000004     --HOLE-- [fill = 0]
                  000031b0    00000008     (.cinit..bss.load) [load image, compression = zero_init]
                  000031b8    00000008     (.cinit..vtable.load) [load image, compression = zero_init]
                  000031c0    00000018     (__TI_cinit_table)

.init_array 
*          0    00000000    00000000     UNINITIALIZED

.vtable    0    20000000    0000026c     UNINITIALIZED
                  20000000    0000026c     driverlib.lib : interrupt.obj (.vtable)

.stack     0    20000270    00001000     UNINITIALIZED
                  20000270    00000004     rtsv7M4_T_le_v4SPD16_eabi.lib : boot_cortex_m.c.obj (.stack)
                  20000274    00000ffc     --HOLE--

.sysmem    0    20001270    00001000     UNINITIALIZED
                  20001270    00000010     rtsv7M4_T_le_v4SPD16_eabi.lib : memory.c.obj (.sysmem)
                  20001280    00000ff0     --HOLE--

.bss       0    20002270    00000071     UNINITIALIZED
                  20002270    00000054     lcd.obj (.bss:lastbuffer$3)
                  200022c4    00000004     (.common:_timeout_ticks)
                  200022c8    00000004     (.common:fallingEdge)
                  200022cc    00000004     (.common:isr_int_value)
                  200022d0    00000004     (.common:left_calibration_value)
                  200022d4    00000004     (.common:pulseLength)
                  200022d8    00000004     (.common:right_calibration_value)
                  200022dc    00000004     (.common:risingEdge)
                  200022e0    00000001     (.common:isRisingEdge)

.data      0    200022e4    0000001d     UNINITIALIZED
                  200022e4    00000008     rtsv7M4_T_le_v4SPD16_eabi.lib : _lock.c.obj (.data:$O1$$)
                  200022ec    00000008                                   : memory.c.obj (.data:$O1$$)
                  200022f4    00000004     adc.obj (.data)
                  200022f8    00000004     libcybotScan.lib : cyBot_Scan.obj (.data)
                  200022fc    00000004     rtsv7M4_T_le_v4SPD16_eabi.lib : errno.c.obj (.data)
                  20002300    00000001     Timer.obj (.data)

__llvm_prf_cnts 
*          0    20000000    00000000     UNINITIALIZED

MODULE SUMMARY

       Module                         code    ro data   rw data
       ------                         ----    -------   -------
    .\
       lcd.obj                        824     8         84     
       tm4c123gh6pm_startup_ccs.obj   12      620       0      
       Timer.obj                      584     0         5      
       adc.obj                        252     0         4      
       main.obj                       92      0         8      
    +--+------------------------------+-------+---------+---------+
       Total:                         1764    628       101    
                                                               
    ../libcybotScan.lib
       cyBot_Scan.obj                 608     0         4      
       ping.obj                       492     0         13     
       servo.obj                      344     0         0      
       ir.obj                         280     0         4      
    +--+------------------------------+-------+---------+---------+
       Total:                         1724    0         21     
                                                               
    C:/ti/TivaWare_C_Series-2.2.0.295/driverlib/ccs/Debug/driverlib.lib
       interrupt.obj                  68      0         620    
       cpu.obj                        12      0         0      
    +--+------------------------------+-------+---------+---------+
       Total:                         80      0         620    
                                                               
    C:\ti\ccs1200\ccs\tools\compiler\ti-cgt-arm_20.2.6.LTS\lib\rtsv7M4_T_le_v4SPD16_eabi.lib
       _printfi.c.obj                 4851    0         0      
       memory.c.obj                   444     0         8      
       fd_add_t2.asm.obj              438     0         0      
       fd_div_t2.asm.obj              310     0         0      
       s_scalbn.c.obj                 272     0         0      
       fd_cmp_t2.asm.obj              268     0         0      
       ctype.c.obj                    0       257       0      
       fd_mul_t2.asm.obj              252     0         0      
       memcpy_t2.asm.obj              156     0         0      
       ull_div_t2.asm.obj             150     0         0      
       vsnprintf.c.obj                136     0         0      
       memset_t2.asm.obj              122     0         0      
       copy_decompress_lzss.c.obj     104     0         0      
       s_frexp.c.obj                  100     0         0      
       _ltoa.c.obj                    84      0         0      
       atoi.c.obj                     76      0         0      
       fd_toi_t2.asm.obj              72      0         0      
       autoinit.c.obj                 68      0         0      
       boot_cortex_m.c.obj            52      0         0      
       i_tofd_t2.asm.obj              46      0         0      
       copy_zero_init.c.obj           28      0         0      
       memccpy.c.obj                  28      0         0      
       s_copysign.c.obj               26      0         0      
       strcmp.c.obj                   24      0         0      
       strchr.c.obj                   22      0         0      
       strcpy.c.obj                   20      0         0      
       strlen.c.obj                   20      0         0      
       wcslen.c.obj                   18      0         0      
       copy_decompress_none.c.obj     14      0         0      
       errno.c.obj                    8       0         4      
       _lock.c.obj                    2       0         8      
       exit.c.obj                     4       0         0      
       pre_init.c.obj                 4       0         0      
       div0.asm.obj                   2       0         0      
    +--+------------------------------+-------+---------+---------+
       Total:                         8221    257       20     
                                                               
       Heap:                          0       0         4096   
       Stack:                         0       0         4096   
       Linker Generated:              0       65        0      
    +--+------------------------------+-------+---------+---------+
       Grand Total:                   11789   950       8954   


LINKER GENERATED COPY TABLES

__TI_cinit_table @ 000031c0 records: 3, size/record: 8, table size: 24
	.data: load addr=00003190, load size=0000000d bytes, run addr=200022e4, run size=0000001d bytes, compression=lzss
	.bss: load addr=000031b0, load size=00000008 bytes, run addr=20002270, run size=00000071 bytes, compression=zero_init
	.vtable: load addr=000031b8, load size=00000008 bytes, run addr=20000000, run size=0000026c bytes, compression=zero_init


LINKER GENERATED HANDLER TABLE

__TI_handler_table @ 000031a0 records: 3, size/record: 4, table size: 12
	index: 0, handler: __TI_zero_init
	index: 1, handler: __TI_decompress_lzss
	index: 2, handler: __TI_decompress_none


GLOBAL SYMBOLS: SORTED ALPHABETICALLY BY Name 

address   name                          
-------   ----                          
000021f9  ADC0SS0_Handler               
00003081  C$$EXIT                       
00003055  CPUcpsie                      
00003027  IntMasterEnable               
00002e49  IntRegister                   
00003061  ResetISR                      
000017ed  TIMER3B_Handler               
20001270  __STACK_END                   
00001000  __STACK_SIZE                  
20000470  __STACK_TOP                   
00001000  __SYSMEM_SIZE                 
000031c0  __TI_CINIT_Base               
000031d8  __TI_CINIT_Limit              
000031a0  __TI_Handler_Table_Base       
000031ac  __TI_Handler_Table_Limit      
00002d85  __TI_auto_init_nobinit_nopinit
00002acb  __TI_decompress_lzss          
00003047  __TI_decompress_none          
00002c4b  __TI_ltoa                     
ffffffff  __TI_pprof_out_hndl           
0000026d  __TI_printfi                  
ffffffff  __TI_prof_data_size           
ffffffff  __TI_prof_data_start          
00000000  __TI_static_base__            
00002f39  __TI_zero_init_nomemset       
00002865  __aeabi_cdcmpeq               
00002865  __aeabi_cdcmple               
000028eb  __aeabi_cdrcmple              
00002d3d  __aeabi_d2iz                  
00001ac3  __aeabi_dadd                  
00001f05  __aeabi_ddiv                  
00002585  __aeabi_dmul                  
00001ab9  __aeabi_dsub                  
0000306d  __aeabi_errno_addr            
00002ee1  __aeabi_i2d                   
00001c6f  __aeabi_idiv0                 
00001c6f  __aeabi_ldiv0                 
00002971  __aeabi_memclr                
00002971  __aeabi_memclr4               
00002971  __aeabi_memclr8               
00002733  __aeabi_memcpy                
00002733  __aeabi_memcpy4               
00002733  __aeabi_memcpy8               
00002973  __aeabi_memset                
00002973  __aeabi_memset4               
00002973  __aeabi_memset8               
000027cf  __aeabi_uldivmod              
ffffffff  __binit__                     
ffffffff  __c_args__                    
UNDEFED   __mpu_init                    
20000270  __stack                       
20000000  __start___llvm_prf_cnts       
20000000  __stop___llvm_prf_cnts        
00002e7d  _c_int00_noargs               
00003084  _ctypes_                      
200022e4  _lock                         
00000cbb  _nop                          
20002300  _running                      
20001270  _sys_memory                   
UNDEFED   _system_post_cinit            
0000307d  _system_pre_init              
200022c4  _timeout_ticks                
200022e8  _unlock                       
00003081  abort                         
00002489  adc_init                      
0000253f  adc_scan_cm                   
0000250b  adc_scan_raw                  
00002389  aligned_alloc                 
00002cf1  atoi                          
ffffffff  binit                         
00002f8d  copysign                      
00002f8d  copysignl                     
0000132d  cyBOT_SERVO_cal               
000012bb  cyBOT_Scan                    
00001263  cyBOT_init_Scan               
200022f8  cyBOT_scan_features           
00001255  cyBOT_scan_version            
200022fc  errno                         
200022c8  fallingEdge                   
00002b35  frexp                         
00002b35  frexpl                        
20000000  g_pfnRAMVectors               
00000000  g_pfnVectors                  
200022f4  initialized                   
0000220f  ir_enableInterrupt            
000021f1  ir_getDistance                
000021c9  ir_getValue                   
00002161  ir_init                       
200022e0  isRisingEdge                  
200022cc  isr_int_value                 
00003037  lcd_clear                     
00000e91  lcd_gotoLine                  
00000cf9  lcd_init                      
00000ef7  lcd_printf                    
00000db9  lcd_putc                      
00000df1  lcd_puts                      
00000cbd  lcd_reverseNibble             
00000e0f  lcd_sendCommand               
00000e4d  lcd_sendNibble                
00000eb9  lcd_setCursorPos              
00002279  ldexp                         
00002279  ldexpl                        
200022d0  left_calibration_value        
00002b99  main                          
00003075  malloc                        
00002389  memalign                      
00002f71  memccpy                       
00002733  memcpy                        
00002979  memset                        
0000183f  ping_getDistance              
000016fd  ping_init                     
00001783  ping_trigger                  
200022d4  pulseLength                   
200022d8  right_calibration_value       
200022dc  risingEdge                    
00002279  scalbn                        
00002279  scalbnl                       
00001c71  servo_init                    
00001d01  servo_move                    
00001d61  servo_setPWM                  
00001cf5  servo_stop                    
00002fd7  strchr                        
00002fbf  strcmp                        
00002fed  strcpy                        
00003001  strlen                        
000015d3  timer_getMicros               
0000157b  timer_getMillis               
000014b5  timer_init                    
00001557  timer_pause                   
00001569  timer_resume                  
0000152d  timer_stop                    
0000162d  timer_waitMicros              
0000165f  timer_waitMillis              
00002dc9  vsnprintf                     
00003015  wcslen                        


GLOBAL SYMBOLS: SORTED BY Symbol Address 

address   name                          
-------   ----                          
00000000  __TI_static_base__            
00000000  g_pfnVectors                  
0000026d  __TI_printfi                  
00000cbb  _nop                          
00000cbd  lcd_reverseNibble             
00000cf9  lcd_init                      
00000db9  lcd_putc                      
00000df1  lcd_puts                      
00000e0f  lcd_sendCommand               
00000e4d  lcd_sendNibble                
00000e91  lcd_gotoLine                  
00000eb9  lcd_setCursorPos              
00000ef7  lcd_printf                    
00001000  __STACK_SIZE                  
00001000  __SYSMEM_SIZE                 
00001255  cyBOT_scan_version            
00001263  cyBOT_init_Scan               
000012bb  cyBOT_Scan                    
0000132d  cyBOT_SERVO_cal               
000014b5  timer_init                    
0000152d  timer_stop                    
00001557  timer_pause                   
00001569  timer_resume                  
0000157b  timer_getMillis               
000015d3  timer_getMicros               
0000162d  timer_waitMicros              
0000165f  timer_waitMillis              
000016fd  ping_init                     
00001783  ping_trigger                  
000017ed  TIMER3B_Handler               
0000183f  ping_getDistance              
00001ab9  __aeabi_dsub                  
00001ac3  __aeabi_dadd                  
00001c6f  __aeabi_idiv0                 
00001c6f  __aeabi_ldiv0                 
00001c71  servo_init                    
00001cf5  servo_stop                    
00001d01  servo_move                    
00001d61  servo_setPWM                  
00001f05  __aeabi_ddiv                  
00002161  ir_init                       
000021c9  ir_getValue                   
000021f1  ir_getDistance                
000021f9  ADC0SS0_Handler               
0000220f  ir_enableInterrupt            
00002279  ldexp                         
00002279  ldexpl                        
00002279  scalbn                        
00002279  scalbnl                       
00002389  aligned_alloc                 
00002389  memalign                      
00002489  adc_init                      
0000250b  adc_scan_raw                  
0000253f  adc_scan_cm                   
00002585  __aeabi_dmul                  
00002733  __aeabi_memcpy                
00002733  __aeabi_memcpy4               
00002733  __aeabi_memcpy8               
00002733  memcpy                        
000027cf  __aeabi_uldivmod              
00002865  __aeabi_cdcmpeq               
00002865  __aeabi_cdcmple               
000028eb  __aeabi_cdrcmple              
00002971  __aeabi_memclr                
00002971  __aeabi_memclr4               
00002971  __aeabi_memclr8               
00002973  __aeabi_memset                
00002973  __aeabi_memset4               
00002973  __aeabi_memset8               
00002979  memset                        
00002acb  __TI_decompress_lzss          
00002b35  frexp                         
00002b35  frexpl                        
00002b99  main                          
00002c4b  __TI_ltoa                     
00002cf1  atoi                          
00002d3d  __aeabi_d2iz                  
00002d85  __TI_auto_init_nobinit_nopinit
00002dc9  vsnprintf                     
00002e49  IntRegister                   
00002e7d  _c_int00_noargs               
00002ee1  __aeabi_i2d                   
00002f39  __TI_zero_init_nomemset       
00002f71  memccpy                       
00002f8d  copysign                      
00002f8d  copysignl                     
00002fbf  strcmp                        
00002fd7  strchr                        
00002fed  strcpy                        
00003001  strlen                        
00003015  wcslen                        
00003027  IntMasterEnable               
00003037  lcd_clear                     
00003047  __TI_decompress_none          
00003055  CPUcpsie                      
00003061  ResetISR                      
0000306d  __aeabi_errno_addr            
00003075  malloc                        
0000307d  _system_pre_init              
00003081  C$$EXIT                       
00003081  abort                         
00003084  _ctypes_                      
000031a0  __TI_Handler_Table_Base       
000031ac  __TI_Handler_Table_Limit      
000031c0  __TI_CINIT_Base               
000031d8  __TI_CINIT_Limit              
20000000  __start___llvm_prf_cnts       
20000000  __stop___llvm_prf_cnts        
20000000  g_pfnRAMVectors               
20000270  __stack                       
20000470  __STACK_TOP                   
20001270  __STACK_END                   
20001270  _sys_memory                   
200022c4  _timeout_ticks                
200022c8  fallingEdge                   
200022cc  isr_int_value                 
200022d0  left_calibration_value        
200022d4  pulseLength                   
200022d8  right_calibration_value       
200022dc  risingEdge                    
200022e0  isRisingEdge                  
200022e4  _lock                         
200022e8  _unlock                       
200022f4  initialized                   
200022f8  cyBOT_scan_features           
200022fc  errno                         
20002300  _running                      
ffffffff  __TI_pprof_out_hndl           
ffffffff  __TI_prof_data_size           
ffffffff  __TI_prof_data_start          
ffffffff  __binit__                     
ffffffff  __c_args__                    
ffffffff  binit                         
UNDEFED   __mpu_init                    
UNDEFED   _system_post_cinit            

[135 symbols]
